[    0.000000] microcode: microcode updated early to revision 0x200004d, date = 2018-05-15
[    0.000000] Linux version 4.9.30-litmus (wsm@wsm-Z11PA-D8-Series) (gcc version 7.3.0 (Ubuntu 7.3.0-27ubuntu1~18.04) ) #175 SMP PREEMPT Mon May 13 20:33:34 CST 2019
[    0.000000] Command line: BOOT_IMAGE=/boot/vmlinuz-4.9.30-litmus root=UUID=2b2d571a-50b7-4ed8-bc1e-99db8e4adf26 ro quiet splash vt.handoff=1
[    0.000000] KERNEL supported cpus:
[    0.000000]   Intel GenuineIntel
[    0.000000]   AMD AuthenticAMD
[    0.000000]   Centaur CentaurHauls
[    0.000000] x86/fpu: Supporting XSAVE feature 0x001: 'x87 floating point registers'
[    0.000000] x86/fpu: Supporting XSAVE feature 0x002: 'SSE registers'
[    0.000000] x86/fpu: Supporting XSAVE feature 0x004: 'AVX registers'
[    0.000000] x86/fpu: Supporting XSAVE feature 0x008: 'MPX bounds registers'
[    0.000000] x86/fpu: Supporting XSAVE feature 0x010: 'MPX CSR'
[    0.000000] x86/fpu: Supporting XSAVE feature 0x020: 'AVX-512 opmask'
[    0.000000] x86/fpu: Supporting XSAVE feature 0x040: 'AVX-512 Hi256'
[    0.000000] x86/fpu: Supporting XSAVE feature 0x080: 'AVX-512 ZMM_Hi256'
[    0.000000] x86/fpu: Supporting XSAVE feature 0x200: 'Protection Keys User registers'
[    0.000000] x86/fpu: xstate_offset[2]:  576, xstate_sizes[2]:  256
[    0.000000] x86/fpu: xstate_offset[3]:  832, xstate_sizes[3]:   64
[    0.000000] x86/fpu: xstate_offset[4]:  896, xstate_sizes[4]:   64
[    0.000000] x86/fpu: xstate_offset[5]:  960, xstate_sizes[5]:   64
[    0.000000] x86/fpu: xstate_offset[6]: 1024, xstate_sizes[6]:  512
[    0.000000] x86/fpu: xstate_offset[7]: 1536, xstate_sizes[7]: 1024
[    0.000000] x86/fpu: xstate_offset[9]: 2560, xstate_sizes[9]:    8
[    0.000000] x86/fpu: Enabled xstate features 0x2ff, context size is 2568 bytes, using 'compacted' format.
[    0.000000] x86/fpu: Using 'eager' FPU context switches.
[    0.000000] e820: BIOS-provided physical RAM map:
[    0.000000] BIOS-e820: [mem 0x0000000000000000-0x000000000009d3ff] usable
[    0.000000] BIOS-e820: [mem 0x000000000009d400-0x000000000009ffff] reserved
[    0.000000] BIOS-e820: [mem 0x00000000000e0000-0x00000000000fffff] reserved
[    0.000000] BIOS-e820: [mem 0x0000000000100000-0x0000000068aaafff] usable
[    0.000000] BIOS-e820: [mem 0x0000000068aab000-0x000000006c7a7fff] reserved
[    0.000000] BIOS-e820: [mem 0x000000006c7a8000-0x000000006c8a2fff] usable
[    0.000000] BIOS-e820: [mem 0x000000006c8a3000-0x000000006d400fff] ACPI NVS
[    0.000000] BIOS-e820: [mem 0x000000006d401000-0x000000006f2fbfff] reserved
[    0.000000] BIOS-e820: [mem 0x000000006f2fc000-0x000000006f7fffff] usable
[    0.000000] BIOS-e820: [mem 0x000000006f800000-0x000000008fffffff] reserved
[    0.000000] BIOS-e820: [mem 0x00000000fd000000-0x00000000fe7fffff] reserved
[    0.000000] BIOS-e820: [mem 0x00000000fed20000-0x00000000fed44fff] reserved
[    0.000000] BIOS-e820: [mem 0x00000000ff000000-0x00000000ffffffff] reserved
[    0.000000] BIOS-e820: [mem 0x0000000100000000-0x000000107fffffff] usable
[    0.000000] NX (Execute Disable) protection: active
[    0.000000] SMBIOS 3.0 present.
[    0.000000] DMI: ASUSTeK COMPUTER INC. Z11PA-D8 Series/Z11PA-D8 Series, BIOS 0401 11/30/2017
[    0.000000] e820: update [mem 0x00000000-0x00000fff] usable ==> reserved
[    0.000000] e820: remove [mem 0x000a0000-0x000fffff] usable
[    0.000000] e820: last_pfn = 0x1080000 max_arch_pfn = 0x400000000
[    0.000000] MTRR default type: uncachable
[    0.000000] MTRR fixed ranges enabled:
[    0.000000]   00000-9FFFF write-back
[    0.000000]   A0000-BFFFF uncachable
[    0.000000]   C0000-FFFFF write-protect
[    0.000000] MTRR variable ranges enabled:
[    0.000000]   0 base 000000000000 mask 3FF000000000 write-back
[    0.000000]   1 base 001000000000 mask 3FFF80000000 write-back
[    0.000000]   2 base 000080000000 mask 3FFF80000000 uncachable
[    0.000000]   3 base 00007F000000 mask 3FFFFF000000 uncachable
[    0.000000]   4 disabled
[    0.000000]   5 disabled
[    0.000000]   6 disabled
[    0.000000]   7 disabled
[    0.000000]   8 disabled
[    0.000000]   9 disabled
[    0.000000] x86/PAT: Configuration [0-7]: WB  WC  UC- UC  WB  WC  UC- WT  
[    0.000000] total RAM covered: 65520M
[    0.000000] Found optimal setting for mtrr clean up
[    0.000000]  gran_size: 64K 	chunk_size: 32M 	num_reg: 7  	lose cover RAM: 0G
[    0.000000] e820: update [mem 0x7f000000-0xffffffff] usable ==> reserved
[    0.000000] e820: last_pfn = 0x6f800 max_arch_pfn = 0x400000000
[    0.000000] Scanning 1 areas for low memory corruption
[    0.000000] Base memory trampoline at [ffff9e3600097000] 97000 size 24576
[    0.000000] Using GB pages for direct mapping
[    0.000000] BRK [0xf5d4ab000, 0xf5d4abfff] PGTABLE
[    0.000000] BRK [0xf5d4ac000, 0xf5d4acfff] PGTABLE
[    0.000000] BRK [0xf5d4ad000, 0xf5d4adfff] PGTABLE
[    0.000000] BRK [0xf5d4ae000, 0xf5d4aefff] PGTABLE
[    0.000000] BRK [0xf5d4af000, 0xf5d4affff] PGTABLE
[    0.000000] BRK [0xf5d4b0000, 0xf5d4b0fff] PGTABLE
[    0.000000] BRK [0xf5d4b1000, 0xf5d4b1fff] PGTABLE
[    0.000000] BRK [0xf5d4b2000, 0xf5d4b2fff] PGTABLE
[    0.000000] BRK [0xf5d4b3000, 0xf5d4b3fff] PGTABLE
[    0.000000] RAMDISK: [mem 0x31ccf000-0x34e5efff]
[    0.000000] ACPI: Early table checksum verification disabled
[    0.000000] ACPI: RSDP 0x00000000000F05B0 000024 (v02 ALASKA)
[    0.000000] ACPI: XSDT 0x000000006C8A30C8 000114 (v01 ALASKA A M I    01072009 AMI  00010013)
[    0.000000] ACPI: FACP 0x000000006C8EAB30 000114 (v06 ALASKA A M I    01072009 INTL 20091013)
[    0.000000] ACPI: DSDT 0x000000006C8A3278 0478B7 (v02 ALASKA A M I    01072009 INTL 20091013)
[    0.000000] ACPI: FACS 0x000000006D3FF080 000040
[    0.000000] ACPI: FPDT 0x000000006C8EAC48 000044 (v01 ALASKA A M I    01072009 AMI  00010013)
[    0.000000] ACPI: FIDT 0x000000006C8EAC90 00009C (v01 ALASKA A M I    01072009 AMI  00010013)
[    0.000000] ACPI: SPMI 0x000000006C8EAD30 000041 (v05 ALASKA A M I    00000000 AMI. 00000000)
[    0.000000] ACPI: UEFI 0x000000006C8EAD78 00005C (v01 INTEL  RstUefiV 00000000      00000000)
[    0.000000] ACPI: UEFI 0x000000006C8EADD8 000042 (v01 ALASKA A M I    01072009      01000013)
[    0.000000] ACPI: MCFG 0x000000006C8EAE20 00003C (v01 ALASKA A M I    01072009 MSFT 00000097)
[    0.000000] ACPI: HPET 0x000000006C8EAE60 000038 (v01 ALASKA A M I    00000001 INTL 20091013)
[    0.000000] ACPI: APIC 0x000000006C8EAE98 0016DE (v03 ALASKA A M I    00000000 INTL 20091013)
[    0.000000] ACPI: MIGT 0x000000006C8EC578 000040 (v01 ALASKA A M I    00000000 INTL 20091013)
[    0.000000] ACPI: MSCT 0x000000006C8EC5B8 000090 (v01 ALASKA A M I    00000001 INTL 20091013)
[    0.000000] ACPI: NFIT 0x000000006C8EC648 018028 (v01                 00000000      00000000)
[    0.000000] ACPI: PCAT 0x000000006C904670 000048 (v01 ALASKA A M I    00000002 INTL 20091013)
[    0.000000] ACPI: PCCT 0x000000006C9046B8 00006E (v01 ALASKA A M I    00000002 INTL 20091013)
[    0.000000] ACPI: RASF 0x000000006C904728 000030 (v01 ALASKA A M I    00000001 INTL 20091013)
[    0.000000] ACPI: SLIT 0x000000006C904758 00002D (v01 ALASKA A M I    00000001 INTL 20091013)
[    0.000000] ACPI: SRAT 0x000000006C904788 002830 (v03 ALASKA A M I    00000002 INTL 20091013)
[    0.000000] ACPI: SVOS 0x000000006C906FB8 000032 (v01 ALASKA A M I    00000000 INTL 20091013)
[    0.000000] ACPI: WDDT 0x000000006C906FF0 000040 (v01 ALASKA A M I    00000000 INTL 20091013)
[    0.000000] ACPI: OEM4 0x000000006C907030 0A27C4 (v02 INTEL  CPU  CST 00003000 INTL 20140828)
[    0.000000] ACPI: OEM1 0x000000006C9A97F8 02A2C4 (v02 INTEL  CPU EIST 00003000 INTL 20140828)
[    0.000000] ACPI: OEM2 0x000000006C9D3AC0 019464 (v02 INTEL  CPU  HWP 00003000 INTL 20140828)
[    0.000000] ACPI: SSDT 0x000000006C9ECF28 033990 (v02 INTEL  SSDT  PM 00004000 INTL 20140828)
[    0.000000] ACPI: SSDT 0x000000006CA208B8 0008A5 (v02 ALASKA A M I    00000000 INTL 20091013)
[    0.000000] ACPI: SSDT 0x000000006CA21160 002AF6 (v02 INTEL  SpsNm    00000002 INTL 20140828)
[    0.000000] ACPI: DMAR 0x000000006CA23C58 000138 (v01 ALASKA A M I    00000001 INTL 20091013)
[    0.000000] ACPI: HEST 0x000000006CA23D90 0000A8 (v01 ALASKA A M I    00000001 INTL 00000001)
[    0.000000] ACPI: BERT 0x000000006CA23E38 000030 (v01 ALASKA A M I    00000001 INTL 00000001)
[    0.000000] ACPI: ERST 0x000000006CA23E68 000230 (v01 ALASKA A M I    00000001 INTL 00000001)
[    0.000000] ACPI: EINJ 0x000000006CA24098 000130 (v01 ALASKA A M I    00000001 INTL 00000001)
[    0.000000] ACPI: Local APIC address 0xfee00000
[    0.000000] SRAT: PXM 0 -> APIC 0x00 -> Node 0
[    0.000000] SRAT: PXM 0 -> APIC 0x02 -> Node 0
[    0.000000] SRAT: PXM 0 -> APIC 0x04 -> Node 0
[    0.000000] SRAT: PXM 0 -> APIC 0x06 -> Node 0
[    0.000000] SRAT: PXM 0 -> APIC 0x08 -> Node 0
[    0.000000] SRAT: PXM 0 -> APIC 0x0a -> Node 0
[    0.000000] SRAT: PXM 0 -> APIC 0x0c -> Node 0
[    0.000000] SRAT: PXM 0 -> APIC 0x0e -> Node 0
[    0.000000] ACPI: SRAT: Node 0 PXM 0 [mem 0x00000000-0x7fffffff]
[    0.000000] ACPI: SRAT: Node 0 PXM 0 [mem 0x100000000-0x107fffffff]
[    0.000000] NUMA: Initialized distance table, cnt=1
[    0.000000] NUMA: Node 0 [mem 0x00000000-0x7fffffff] + [mem 0x100000000-0x107fffffff] -> [mem 0x00000000-0x107fffffff]
[    0.000000] NODE_DATA(0) allocated [mem 0x107ffd4000-0x107fffefff]
[    0.000000] Zone ranges:
[    0.000000]   DMA      [mem 0x0000000000001000-0x0000000000ffffff]
[    0.000000]   DMA32    [mem 0x0000000001000000-0x00000000ffffffff]
[    0.000000]   Normal   [mem 0x0000000100000000-0x000000107fffffff]
[    0.000000]   Device   empty
[    0.000000] Movable zone start for each node
[    0.000000] Early memory node ranges
[    0.000000]   node   0: [mem 0x0000000000001000-0x000000000009cfff]
[    0.000000]   node   0: [mem 0x0000000000100000-0x0000000068aaafff]
[    0.000000]   node   0: [mem 0x000000006c7a8000-0x000000006c8a2fff]
[    0.000000]   node   0: [mem 0x000000006f2fc000-0x000000006f7fffff]
[    0.000000]   node   0: [mem 0x0000000100000000-0x000000107fffffff]
[    0.000000] Initmem setup node 0 [mem 0x0000000000001000-0x000000107fffffff]
[    0.000000] On node 0 totalpages: 16683078
[    0.000000]   DMA zone: 64 pages used for memmap
[    0.000000]   DMA zone: 21 pages reserved
[    0.000000]   DMA zone: 3996 pages, LIFO batch:0
[    0.000000]   DMA32 zone: 6659 pages used for memmap
[    0.000000]   DMA32 zone: 426154 pages, LIFO batch:31
[    0.000000]   Normal zone: 253952 pages used for memmap
[    0.000000]   Normal zone: 16252928 pages, LIFO batch:31
[    0.000000] ACPI: PM-Timer IO Port: 0x508
[    0.000000] ACPI: Local APIC address 0xfee00000
[    0.000000] ACPI: X2APIC_NMI (uid[0xffffffff] high level lint[0x1])
[    0.000000] ACPI: LAPIC_NMI (acpi_id[0xff] high level lint[0x1])
[    0.000000] IOAPIC[0]: apic_id 8, version 32, address 0xfec00000, GSI 0-23
[    0.000000] IOAPIC[1]: apic_id 9, version 32, address 0xfec01000, GSI 24-31
[    0.000000] IOAPIC[2]: apic_id 10, version 32, address 0xfec08000, GSI 32-39
[    0.000000] IOAPIC[3]: apic_id 11, version 32, address 0xfec10000, GSI 40-47
[    0.000000] IOAPIC[4]: apic_id 12, version 32, address 0xfec18000, GSI 48-55
[    0.000000] ACPI: INT_SRC_OVR (bus 0 bus_irq 0 global_irq 2 dfl dfl)
[    0.000000] ACPI: INT_SRC_OVR (bus 0 bus_irq 9 global_irq 9 high level)
[    0.000000] ACPI: IRQ0 used by override.
[    0.000000] ACPI: IRQ9 used by override.
[    0.000000] Using ACPI (MADT) for SMP configuration information
[    0.000000] ACPI: HPET id: 0x8086a701 base: 0xfed00000
[    0.000000] smpboot: Allowing 232 CPUs, 224 hotplug CPUs
[    0.000000] e820: [mem 0x90000000-0xfcffffff] available for PCI devices
[    0.000000] Booting paravirtualized kernel on bare hardware
[    0.000000] clocksource: refined-jiffies: mask: 0xffffffff max_cycles: 0xffffffff, max_idle_ns: 7645519600211568 ns
[    0.000000] setup_percpu: NR_CPUS:8192 nr_cpumask_bits:232 nr_cpu_ids:232 nr_node_ids:1
[    0.000000] percpu: Embedded 41 pages/cpu @ffff9e463c000000 s130520 r8192 d29224 u262144
[    0.000000] pcpu-alloc: s130520 r8192 d29224 u262144 alloc=1*2097152
[    0.000000] pcpu-alloc: [0] 000 001 002 003 004 005 006 007 
[    0.000000] pcpu-alloc: [0] 008 009 010 011 012 013 014 015 
[    0.000000] pcpu-alloc: [0] 016 017 018 019 020 021 022 023 
[    0.000000] pcpu-alloc: [0] 024 025 026 027 028 029 030 031 
[    0.000000] pcpu-alloc: [0] 032 033 034 035 036 037 038 039 
[    0.000000] pcpu-alloc: [0] 040 041 042 043 044 045 046 047 
[    0.000000] pcpu-alloc: [0] 048 049 050 051 052 053 054 055 
[    0.000000] pcpu-alloc: [0] 056 057 058 059 060 061 062 063 
[    0.000000] pcpu-alloc: [0] 064 065 066 067 068 069 070 071 
[    0.000000] pcpu-alloc: [0] 072 073 074 075 076 077 078 079 
[    0.000000] pcpu-alloc: [0] 080 081 082 083 084 085 086 087 
[    0.000000] pcpu-alloc: [0] 088 089 090 091 092 093 094 095 
[    0.000000] pcpu-alloc: [0] 096 097 098 099 100 101 102 103 
[    0.000000] pcpu-alloc: [0] 104 105 106 107 108 109 110 111 
[    0.000000] pcpu-alloc: [0] 112 113 114 115 116 117 118 119 
[    0.000000] pcpu-alloc: [0] 120 121 122 123 124 125 126 127 
[    0.000000] pcpu-alloc: [0] 128 129 130 131 132 133 134 135 
[    0.000000] pcpu-alloc: [0] 136 137 138 139 140 141 142 143 
[    0.000000] pcpu-alloc: [0] 144 145 146 147 148 149 150 151 
[    0.000000] pcpu-alloc: [0] 152 153 154 155 156 157 158 159 
[    0.000000] pcpu-alloc: [0] 160 161 162 163 164 165 166 167 
[    0.000000] pcpu-alloc: [0] 168 169 170 171 172 173 174 175 
[    0.000000] pcpu-alloc: [0] 176 177 178 179 180 181 182 183 
[    0.000000] pcpu-alloc: [0] 184 185 186 187 188 189 190 191 
[    0.000000] pcpu-alloc: [0] 192 193 194 195 196 197 198 199 
[    0.000000] pcpu-alloc: [0] 200 201 202 203 204 205 206 207 
[    0.000000] pcpu-alloc: [0] 208 209 210 211 212 213 214 215 
[    0.000000] pcpu-alloc: [0] 216 217 218 219 220 221 222 223 
[    0.000000] pcpu-alloc: [0] 224 225 226 227 228 229 230 231 
[    0.000000] Built 1 zonelists in Node order, mobility grouping on.  Total pages: 16422382
[    0.000000] Policy zone: Normal
[    0.000000] Kernel command line: BOOT_IMAGE=/boot/vmlinuz-4.9.30-litmus root=UUID=2b2d571a-50b7-4ed8-bc1e-99db8e4adf26 ro quiet splash vt.handoff=1
[    0.000000] log_buf_len individual max cpu contribution: 4096 bytes
[    0.000000] log_buf_len total cpu_extra contributions: 946176 bytes
[    0.000000] log_buf_len min size: 262144 bytes
[    0.000000] log_buf_len: 2097152 bytes
[    0.000000] early log buf free: 247380(94%)
[    0.000000] PID hash table entries: 4096 (order: 3, 32768 bytes)
[    0.000000] Calgary: detecting Calgary via BIOS EBDA area
[    0.000000] Calgary: Unable to locate Rio Grande table in EBDA - bailing!
[    0.000000] Memory: 64985188K/66732312K available (8990K kernel code, 1939K rwdata, 3836K rodata, 2088K init, 527048K bss, 1747124K reserved, 0K cma-reserved)
[    0.000000] SLUB: HWalign=64, Order=0-3, MinObjects=0, CPUs=232, Nodes=1
[    0.000000] Preemptible hierarchical RCU implementation.
[    0.000000] 	Build-time adjustment of leaf fanout to 64.
[    0.000000] 	RCU restricting CPUs from NR_CPUS=8192 to nr_cpu_ids=232.
[    0.000000] RCU: Adjusting geometry for rcu_fanout_leaf=64, nr_cpu_ids=232

[    0.000000] **********************************************************
[    0.000000] **   NOTICE NOTICE NOTICE NOTICE NOTICE NOTICE NOTICE   **
[    0.000000] **                                                      **
[    0.000000] ** trace_printk() being used. Allocating extra memory.  **
[    0.000000] **                                                      **
[    0.000000] ** This means that this is a DEBUG kernel and it is     **
[    0.000000] ** unsafe for production use.                           **
[    0.000000] **                                                      **
[    0.000000] ** If you see this message and you are not debugging    **
[    0.000000] ** the kernel, report this immediately to your vendor!  **
[    0.000000] **                                                      **
[    0.000000] **   NOTICE NOTICE NOTICE NOTICE NOTICE NOTICE NOTICE   **
[    0.000000] **********************************************************
[    0.000000] NR_IRQS:524544 nr_irqs:2824 16
[    0.000000] Console: colour dummy device 80x25
[    0.000000] console [tty0] enabled
[    0.000000] clocksource: hpet: mask: 0xffffffff max_cycles: 0xffffffff, max_idle_ns: 79635855245 ns
[    0.000000] hpet clockevent registered
[    0.000000] tsc: Detected 2100.000 MHz processor
[    0.000056] Calibrating delay loop (skipped), value calculated using timer frequency.. 4200.00 BogoMIPS (lpj=8400000)
[    0.000059] pid_max: default: 237568 minimum: 1856
[    0.000113] ACPI: Core revision 20160831
[    0.155817] ACPI: 4 ACPI AML tables successfully acquired and loaded
[    0.155995] Security Framework initialized
[    0.155996] Yama: becoming mindful.
[    0.156006] AppArmor: AppArmor initialized
[    0.160222] Dentry cache hash table entries: 8388608 (order: 14, 67108864 bytes)
[    0.172987] Inode-cache hash table entries: 4194304 (order: 13, 33554432 bytes)
[    0.178402] Mount-cache hash table entries: 131072 (order: 8, 1048576 bytes)
[    0.178466] Mountpoint-cache hash table entries: 131072 (order: 8, 1048576 bytes)
[    0.179204] CPU: Physical Processor ID: 0
[    0.179205] CPU: Processor Core ID: 0
[    0.179210] ENERGY_PERF_BIAS: Set to 'normal', was 'performance'
[    0.179211] ENERGY_PERF_BIAS: View and update with x86_energy_perf_policy(8)
[    0.179223] mce: CPU supports 20 MCE banks
[    0.179240] CPU0: Thermal monitoring enabled (TM1)
[    0.179291] process: using mwait in idle threads
[    0.179294] Last level iTLB entries: 4KB 128, 2MB 8, 4MB 8
[    0.179295] Last level dTLB entries: 4KB 64, 2MB 0, 4MB 0, 1GB 4
[    0.180607] Freeing SMP alternatives memory: 32K (ffffffff899f0000 - ffffffff899f8000)
[    0.181836] ftrace: allocating 33479 entries in 131 pages
[    0.198965] smpboot: Max logical packages: 29
[    0.199007] DMAR: Host address width 46
[    0.199009] DMAR: DRHD base: 0x000000be7fc000 flags: 0x0
[    0.199015] DMAR: dmar0: reg_base_addr be7fc000 ver 1:0 cap 8d2078c106f0466 ecap f020de
[    0.199017] DMAR: DRHD base: 0x000000e0ffc000 flags: 0x0
[    0.199023] DMAR: dmar1: reg_base_addr e0ffc000 ver 1:0 cap 8d2078c106f0466 ecap f020de
[    0.199024] DMAR: DRHD base: 0x000000fbffc000 flags: 0x0
[    0.199027] DMAR: dmar2: reg_base_addr fbffc000 ver 1:0 cap 8d2078c106f0466 ecap f020df
[    0.199028] DMAR: DRHD base: 0x000000a37fc000 flags: 0x1
[    0.199032] DMAR: dmar3: reg_base_addr a37fc000 ver 1:0 cap 8d2078c106f0466 ecap f020df
[    0.199033] DMAR: RMRR base: 0x0000006f046000 end: 0x0000006f056fff
[    0.199034] DMAR: ATSR flags: 0x0
[    0.199034] DMAR: RHSA base: 0x000000a37fc000 proximity domain: 0x0
[    0.199035] DMAR: RHSA base: 0x000000be7fc000 proximity domain: 0x0
[    0.199036] DMAR: RHSA base: 0x000000e0ffc000 proximity domain: 0x0
[    0.199037] DMAR: RHSA base: 0x000000fbffc000 proximity domain: 0x0
[    0.199039] DMAR-IR: IOAPIC id 12 under DRHD base  0xfbffc000 IOMMU 2
[    0.199040] DMAR-IR: IOAPIC id 11 under DRHD base  0xe0ffc000 IOMMU 1
[    0.199040] DMAR-IR: IOAPIC id 10 under DRHD base  0xbe7fc000 IOMMU 0
[    0.199042] DMAR-IR: IOAPIC id 8 under DRHD base  0xa37fc000 IOMMU 3
[    0.199042] DMAR-IR: IOAPIC id 9 under DRHD base  0xa37fc000 IOMMU 3
[    0.199043] DMAR-IR: HPET id 0 under DRHD base 0xa37fc000
[    0.199044] DMAR-IR: x2apic is disabled because BIOS sets x2apic opt out bit.
[    0.199045] DMAR-IR: Use 'intremap=no_x2apic_optout' to override the BIOS setting.
[    0.199762] DMAR-IR: Enabled IRQ remapping in xapic mode
[    0.199763] x2apic: IRQ remapping doesn't support X2APIC mode
[    0.199773] Switched APIC routing to physical flat.
[    0.200737] ..TIMER: vector=0x30 apic1=0 pin1=2 apic2=-1 pin2=-1
[    0.240440] TSC deadline timer enabled
[    0.240455] smpboot: CPU0: Intel(R) Xeon(R) Silver 4110 CPU @ 2.10GHz (family: 0x6, model: 0x55, stepping: 0x4)
[    0.240459] Performance Events: PEBS fmt3+, Skylake events, 32-deep LBR, full-width counters, Intel PMU driver.
[    0.240495] ... version:                4
[    0.240496] ... bit width:              48
[    0.240496] ... generic registers:      8
[    0.240497] ... value mask:             0000ffffffffffff
[    0.240498] ... max period:             00007fffffffffff
[    0.240498] ... fixed-purpose events:   3
[    0.240499] ... event mask:             00000007000000ff
[    0.284584] NMI watchdog: enabled on all CPUs, permanently consumes one hw-PMU counter.
[    0.324817] x86: Booting SMP configuration:
[    0.324821] .... node  #0, CPUs:          #1   #2   #3   #4   #5   #6   #7
[    1.099091] x86: Booted up 1 node, 8 CPUs
[    1.099096] smpboot: Total of 8 processors activated (33608.74 BogoMIPS)
[    1.118424] devtmpfs: initialized
[    1.118484] x86/mm: Memory block size: 2048MB
[    1.120030] evm: security.selinux
[    1.120031] evm: security.SMACK64
[    1.120032] evm: security.SMACK64EXEC
[    1.120032] evm: security.SMACK64TRANSMUTE
[    1.120033] evm: security.SMACK64MMAP
[    1.120033] evm: security.ima
[    1.120034] evm: security.capability
[    1.120253] clocksource: jiffies: mask: 0xffffffff max_cycles: 0xffffffff, max_idle_ns: 7645041785100000 ns
[    1.120577] futex hash table entries: 65536 (order: 10, 4194304 bytes)
[    1.121575] pinctrl core: initialized pinctrl subsystem
[    1.121751] RTC time:  4:51:08, date: 05/15/19
[    1.121891] NET: Registered protocol family 16
[    1.122118] Error parsing PCC subspaces from PCCT
[    1.122187] ACPI: bus type PCI registered
[    1.122188] acpiphp: ACPI Hot Plug PCI Controller Driver version: 0.5
[    1.122353] PCI: MMCONFIG for domain 0000 [bus 00-ff] at [mem 0x80000000-0x8fffffff] (base 0x80000000)
[    1.122355] PCI: MMCONFIG at [mem 0x80000000-0x8fffffff] reserved in E820
[    1.122373] PCI: Using configuration type 1 for base access
[    1.136728] HugeTLB registered 1 GB page size, pre-allocated 0 pages
[    1.136729] HugeTLB registered 2 MB page size, pre-allocated 0 pages
[    1.137480] ACPI: Added _OSI(Module Device)
[    1.137481] ACPI: Added _OSI(Processor Device)
[    1.137481] ACPI: Added _OSI(3.0 _SCP Extensions)
[    1.137482] ACPI: Added _OSI(Processor Aggregator Device)
[    1.167993] ACPI: [Firmware Bug]: BIOS _OSI(Linux) query ignored
[    1.265488] ACPI: Dynamic OEM Table Load:
[    1.287069] ACPI: Dynamic OEM Table Load:
[    1.390020] ACPI: Interpreter enabled
[    1.390028] ACPI: (supports S0 S5)
[    1.390029] ACPI: Using IOAPIC for interrupt routing
[    1.390107] HEST: Table parsing has been initialized.
[    1.390110] PCI: Using host bridge windows from ACPI; if necessary, use "pci=nocrs" and report a bug
[    1.453822] ACPI: PCI Root Bridge [PC00] (domain 0000 [bus 00-15])
[    1.453827] acpi PNP0A08:00: _OSC: OS supports [ExtendedConfig ASPM ClockPM Segments MSI]
[    1.454009] acpi PNP0A08:00: _OSC: platform does not support [AER]
[    1.454178] acpi PNP0A08:00: _OSC: OS now controls [PCIeHotplug PME PCIeCapability]
[    1.455028] PCI host bridge to bus 0000:00
[    1.455031] pci_bus 0000:00: root bus resource [io  0x0000-0x03af window]
[    1.455032] pci_bus 0000:00: root bus resource [io  0x03e0-0x0cf7 window]
[    1.455033] pci_bus 0000:00: root bus resource [io  0x1000-0x8fff window]
[    1.455034] pci_bus 0000:00: root bus resource [mem 0x000c4000-0x000c7fff window]
[    1.455035] pci_bus 0000:00: root bus resource [mem 0xfe010000-0xfe010fff window]
[    1.455036] pci_bus 0000:00: root bus resource [mem 0x90000000-0xa37fffff window]
[    1.455038] pci_bus 0000:00: root bus resource [bus 00-15]
[    1.455046] pci 0000:00:00.0: [8086:2020] type 00 class 0x060000
[    1.455260] pci 0000:00:04.0: [8086:2021] type 00 class 0x088000
[    1.455271] pci 0000:00:04.0: reg 0x10: [mem 0xa372c000-0xa372ffff 64bit]
[    1.455461] pci 0000:00:04.1: [8086:2021] type 00 class 0x088000
[    1.455471] pci 0000:00:04.1: reg 0x10: [mem 0xa3728000-0xa372bfff 64bit]
[    1.455664] pci 0000:00:04.2: [8086:2021] type 00 class 0x088000
[    1.455673] pci 0000:00:04.2: reg 0x10: [mem 0xa3724000-0xa3727fff 64bit]
[    1.455862] pci 0000:00:04.3: [8086:2021] type 00 class 0x088000
[    1.455871] pci 0000:00:04.3: reg 0x10: [mem 0xa3720000-0xa3723fff 64bit]
[    1.456060] pci 0000:00:04.4: [8086:2021] type 00 class 0x088000
[    1.456070] pci 0000:00:04.4: reg 0x10: [mem 0xa371c000-0xa371ffff 64bit]
[    1.456259] pci 0000:00:04.5: [8086:2021] type 00 class 0x088000
[    1.456268] pci 0000:00:04.5: reg 0x10: [mem 0xa3718000-0xa371bfff 64bit]
[    1.456456] pci 0000:00:04.6: [8086:2021] type 00 class 0x088000
[    1.456466] pci 0000:00:04.6: reg 0x10: [mem 0xa3714000-0xa3717fff 64bit]
[    1.456656] pci 0000:00:04.7: [8086:2021] type 00 class 0x088000
[    1.456665] pci 0000:00:04.7: reg 0x10: [mem 0xa3710000-0xa3713fff 64bit]
[    1.456852] pci 0000:00:05.0: [8086:2024] type 00 class 0x088000
[    1.457035] pci 0000:00:05.2: [8086:2025] type 00 class 0x088000
[    1.457214] pci 0000:00:05.4: [8086:2026] type 00 class 0x080020
[    1.457221] pci 0000:00:05.4: reg 0x10: [mem 0xa3738000-0xa3738fff]
[    1.457409] pci 0000:00:08.0: [8086:2014] type 00 class 0x088000
[    1.457579] pci 0000:00:08.1: [8086:2015] type 00 class 0x110100
[    1.457741] pci 0000:00:08.2: [8086:2016] type 00 class 0x088000
[    1.457931] pci 0000:00:11.0: [8086:a1ec] type 00 class 0xff0000
[    1.458189] pci 0000:00:11.5: [8086:a1d2] type 00 class 0x010601
[    1.458203] pci 0000:00:11.5: reg 0x10: [mem 0xa3734000-0xa3735fff]
[    1.458210] pci 0000:00:11.5: reg 0x14: [mem 0xa3739000-0xa37390ff]
[    1.458218] pci 0000:00:11.5: reg 0x18: [io  0x8050-0x8057]
[    1.458225] pci 0000:00:11.5: reg 0x1c: [io  0x8040-0x8043]
[    1.458233] pci 0000:00:11.5: reg 0x20: [io  0x8000-0x801f]
[    1.458240] pci 0000:00:11.5: reg 0x24: [mem 0xa3600000-0xa367ffff]
[    1.458280] pci 0000:00:11.5: PME# supported from D3hot
[    1.458506] pci 0000:00:14.0: [8086:a1af] type 00 class 0x0c0330
[    1.458524] pci 0000:00:14.0: reg 0x10: [mem 0xa3700000-0xa370ffff 64bit]
[    1.458595] pci 0000:00:14.0: PME# supported from D3hot D3cold
[    1.458784] pci 0000:00:14.0: System wakeup disabled by ACPI
[    1.458831] pci 0000:00:14.2: [8086:a1b1] type 00 class 0x118000
[    1.458849] pci 0000:00:14.2: reg 0x10: [mem 0xa373a000-0xa373afff 64bit]
[    1.459090] pci 0000:00:16.0: [8086:a1ba] type 00 class 0x078000
[    1.459114] pci 0000:00:16.0: reg 0x10: [mem 0xa373d000-0xa373dfff 64bit]
[    1.459201] pci 0000:00:16.0: PME# supported from D3hot
[    1.459373] pci 0000:00:16.1: [8086:a1bb] type 00 class 0x078000
[    1.459397] pci 0000:00:16.1: reg 0x10: [mem 0xa373c000-0xa373cfff 64bit]
[    1.459484] pci 0000:00:16.1: PME# supported from D3hot
[    1.459655] pci 0000:00:16.4: [8086:a1be] type 00 class 0x078000
[    1.459679] pci 0000:00:16.4: reg 0x10: [mem 0xa373b000-0xa373bfff 64bit]
[    1.459766] pci 0000:00:16.4: PME# supported from D3hot
[    1.459940] pci 0000:00:17.0: [8086:a182] type 00 class 0x010601
[    1.459954] pci 0000:00:17.0: reg 0x10: [mem 0xa3736000-0xa3737fff]
[    1.459962] pci 0000:00:17.0: reg 0x14: [mem 0xa373e000-0xa373e0ff]
[    1.459969] pci 0000:00:17.0: reg 0x18: [io  0x8070-0x8077]
[    1.459976] pci 0000:00:17.0: reg 0x1c: [io  0x8060-0x8063]
[    1.459984] pci 0000:00:17.0: reg 0x20: [io  0x8020-0x803f]
[    1.459991] pci 0000:00:17.0: reg 0x24: [mem 0xa3680000-0xa36fffff]
[    1.460030] pci 0000:00:17.0: PME# supported from D3hot
[    1.460244] pci 0000:00:1c.0: [8086:a190] type 01 class 0x060400
[    1.460309] pci 0000:00:1c.0: PME# supported from D0 D3hot D3cold
[    1.460518] pci 0000:00:1c.0: System wakeup disabled by ACPI
[    1.460564] pci 0000:00:1c.1: [8086:a191] type 01 class 0x060400
[    1.460633] pci 0000:00:1c.1: PME# supported from D0 D3hot D3cold
[    1.460838] pci 0000:00:1c.1: System wakeup disabled by ACPI
[    1.460884] pci 0000:00:1c.2: [8086:a192] type 01 class 0x060400
[    1.460948] pci 0000:00:1c.2: PME# supported from D0 D3hot D3cold
[    1.461152] pci 0000:00:1c.2: System wakeup disabled by ACPI
[    1.461196] pci 0000:00:1c.3: [8086:a193] type 01 class 0x060400
[    1.461259] pci 0000:00:1c.3: PME# supported from D0 D3hot D3cold
[    1.461466] pci 0000:00:1c.3: System wakeup disabled by ACPI
[    1.461517] pci 0000:00:1d.0: [8086:a198] type 01 class 0x060400
[    1.461577] pci 0000:00:1d.0: PME# supported from D0 D3hot D3cold
[    1.461775] pci 0000:00:1d.0: System wakeup disabled by ACPI
[    1.461820] pci 0000:00:1d.2: [8086:a19a] type 01 class 0x060400
[    1.461883] pci 0000:00:1d.2: PME# supported from D0 D3hot D3cold
[    1.462089] pci 0000:00:1d.2: System wakeup disabled by ACPI
[    1.462143] pci 0000:00:1f.0: [8086:a1c1] type 00 class 0x060100
[    1.462441] pci 0000:00:1f.2: [8086:a1a1] type 00 class 0x058000
[    1.462453] pci 0000:00:1f.2: reg 0x10: [mem 0xa3730000-0xa3733fff]
[    1.462707] pci 0000:00:1f.4: [8086:a1a3] type 00 class 0x0c0500
[    1.462723] pci 0000:00:1f.4: reg 0x10: [mem 0x00000000-0x000000ff 64bit]
[    1.462747] pci 0000:00:1f.4: reg 0x20: [io  0x0780-0x079f]
[    1.462938] pci 0000:00:1f.5: [8086:a1a4] type 00 class 0x0c8000
[    1.462950] pci 0000:00:1f.5: reg 0x10: [mem 0xfe010000-0xfe010fff]
[    1.463272] pci 0000:03:00.0: [8086:1533] type 00 class 0x020000
[    1.463295] pci 0000:03:00.0: reg 0x10: [mem 0xa3400000-0xa347ffff]
[    1.463321] pci 0000:03:00.0: reg 0x18: [io  0x6000-0x601f]
[    1.463335] pci 0000:03:00.0: reg 0x1c: [mem 0xa3480000-0xa3483fff]
[    1.463472] pci 0000:03:00.0: PME# supported from D0 D3hot D3cold
[    1.478535] pci 0000:00:1c.0: PCI bridge to [bus 03]
[    1.478541] pci 0000:00:1c.0:   bridge window [io  0x6000-0x6fff]
[    1.478546] pci 0000:00:1c.0:   bridge window [mem 0xa3400000-0xa34fffff]
[    1.478678] pci 0000:04:00.0: [8086:1533] type 00 class 0x020000
[    1.478701] pci 0000:04:00.0: reg 0x10: [mem 0xa3300000-0xa337ffff]
[    1.478727] pci 0000:04:00.0: reg 0x18: [io  0x5000-0x501f]
[    1.478741] pci 0000:04:00.0: reg 0x1c: [mem 0xa3380000-0xa3383fff]
[    1.478877] pci 0000:04:00.0: PME# supported from D0 D3hot D3cold
[    1.494542] pci 0000:00:1c.1: PCI bridge to [bus 04]
[    1.494548] pci 0000:00:1c.1:   bridge window [io  0x5000-0x5fff]
[    1.494553] pci 0000:00:1c.1:   bridge window [mem 0xa3300000-0xa33fffff]
[    1.494700] pci 0000:05:00.0: [8086:1533] type 00 class 0x020000
[    1.494722] pci 0000:05:00.0: reg 0x10: [mem 0xa3200000-0xa327ffff]
[    1.494749] pci 0000:05:00.0: reg 0x18: [io  0x4000-0x401f]
[    1.494763] pci 0000:05:00.0: reg 0x1c: [mem 0xa3280000-0xa3283fff]
[    1.494899] pci 0000:05:00.0: PME# supported from D0 D3hot D3cold
[    1.510553] pci 0000:00:1c.2: PCI bridge to [bus 05]
[    1.510558] pci 0000:00:1c.2:   bridge window [io  0x4000-0x4fff]
[    1.510563] pci 0000:00:1c.2:   bridge window [mem 0xa3200000-0xa32fffff]
[    1.510762] pci 0000:06:00.0: [8086:1533] type 00 class 0x020000
[    1.510793] pci 0000:06:00.0: reg 0x10: [mem 0xa3100000-0xa317ffff]
[    1.510828] pci 0000:06:00.0: reg 0x18: [io  0x3000-0x301f]
[    1.510848] pci 0000:06:00.0: reg 0x1c: [mem 0xa3180000-0xa3183fff]
[    1.511030] pci 0000:06:00.0: PME# supported from D0 D3hot D3cold
[    1.526564] pci 0000:00:1c.3: PCI bridge to [bus 06]
[    1.526570] pci 0000:00:1c.3:   bridge window [io  0x3000-0x3fff]
[    1.526575] pci 0000:00:1c.3:   bridge window [mem 0xa3100000-0xa31fffff]
[    1.526666] pci 0000:00:1d.0: PCI bridge to [bus 01]
[    1.526781] pci 0000:02:00.0: [1b4b:9230] type 00 class 0x010601
[    1.526795] pci 0000:02:00.0: reg 0x10: [io  0x7050-0x7057]
[    1.526804] pci 0000:02:00.0: reg 0x14: [io  0x7040-0x7043]
[    1.526813] pci 0000:02:00.0: reg 0x18: [io  0x7030-0x7037]
[    1.526822] pci 0000:02:00.0: reg 0x1c: [io  0x7020-0x7023]
[    1.526830] pci 0000:02:00.0: reg 0x20: [io  0x7000-0x701f]
[    1.526839] pci 0000:02:00.0: reg 0x24: [mem 0xa3540000-0xa35407ff]
[    1.526848] pci 0000:02:00.0: reg 0x30: [mem 0xa3500000-0xa353ffff pref]
[    1.526858] pci 0000:02:00.0: Enabling fixed DMA alias to 00.1
[    1.526899] pci 0000:02:00.0: PME# supported from D3hot
[    1.538622] pci 0000:00:1d.2: PCI bridge to [bus 02]
[    1.538625] pci 0000:00:1d.2:   bridge window [io  0x7000-0x7fff]
[    1.538627] pci 0000:00:1d.2:   bridge window [mem 0xa3500000-0xa35fffff]
[    1.538657] pci_bus 0000:00: on NUMA node 0
[    1.539832] ACPI: PCI Root Bridge [PC01] (domain 0000 [bus 16-63])
[    1.539835] acpi PNP0A08:01: _OSC: OS supports [ExtendedConfig ASPM ClockPM Segments MSI]
[    1.540410] acpi PNP0A08:01: _OSC: platform does not support [AER]
[    1.540726] acpi PNP0A08:01: _OSC: OS now controls [PCIeHotplug PME PCIeCapability]
[    1.541019] PCI host bridge to bus 0000:16
[    1.541021] pci_bus 0000:16: root bus resource [io  0x9000-0xb7ff window]
[    1.541022] pci_bus 0000:16: root bus resource [mem 0xa3800000-0xbe7fffff window]
[    1.541023] pci_bus 0000:16: root bus resource [bus 16-63]
[    1.541033] pci 0000:16:05.0: [8086:2034] type 00 class 0x088000
[    1.541137] pci 0000:16:05.2: [8086:2035] type 00 class 0x088000
[    1.541238] pci 0000:16:05.4: [8086:2036] type 00 class 0x080020
[    1.541245] pci 0000:16:05.4: reg 0x10: [mem 0xbe700000-0xbe700fff]
[    1.541348] pci 0000:16:08.0: [8086:208d] type 00 class 0x088000
[    1.541435] pci 0000:16:08.1: [8086:208d] type 00 class 0x088000
[    1.541513] pci 0000:16:08.2: [8086:208d] type 00 class 0x088000
[    1.541593] pci 0000:16:08.3: [8086:208d] type 00 class 0x088000
[    1.541670] pci 0000:16:08.4: [8086:208d] type 00 class 0x088000
[    1.541750] pci 0000:16:08.5: [8086:208d] type 00 class 0x088000
[    1.541828] pci 0000:16:08.6: [8086:208d] type 00 class 0x088000
[    1.541909] pci 0000:16:08.7: [8086:208d] type 00 class 0x088000
[    1.541987] pci 0000:16:09.0: [8086:208d] type 00 class 0x088000
[    1.542072] pci 0000:16:09.1: [8086:208d] type 00 class 0x088000
[    1.542156] pci 0000:16:0e.0: [8086:208e] type 00 class 0x088000
[    1.542240] pci 0000:16:0e.1: [8086:208e] type 00 class 0x088000
[    1.542318] pci 0000:16:0e.2: [8086:208e] type 00 class 0x088000
[    1.542398] pci 0000:16:0e.3: [8086:208e] type 00 class 0x088000
[    1.542476] pci 0000:16:0e.4: [8086:208e] type 00 class 0x088000
[    1.542556] pci 0000:16:0e.5: [8086:208e] type 00 class 0x088000
[    1.542635] pci 0000:16:0e.6: [8086:208e] type 00 class 0x088000
[    1.542715] pci 0000:16:0e.7: [8086:208e] type 00 class 0x088000
[    1.542793] pci 0000:16:0f.0: [8086:208e] type 00 class 0x088000
[    1.542877] pci 0000:16:0f.1: [8086:208e] type 00 class 0x088000
[    1.542968] pci 0000:16:1d.0: [8086:2054] type 00 class 0x088000
[    1.543053] pci 0000:16:1d.1: [8086:2055] type 00 class 0x088000
[    1.543132] pci 0000:16:1d.2: [8086:2056] type 00 class 0x088000
[    1.543212] pci 0000:16:1d.3: [8086:2057] type 00 class 0x088000
[    1.543294] pci 0000:16:1e.0: [8086:2080] type 00 class 0x088000
[    1.543380] pci 0000:16:1e.1: [8086:2081] type 00 class 0x088000
[    1.543460] pci 0000:16:1e.2: [8086:2082] type 00 class 0x088000
[    1.543540] pci 0000:16:1e.3: [8086:2083] type 00 class 0x088000
[    1.543619] pci 0000:16:1e.4: [8086:2084] type 00 class 0x088000
[    1.543699] pci 0000:16:1e.5: [8086:2085] type 00 class 0x088000
[    1.543778] pci 0000:16:1e.6: [8086:2086] type 00 class 0x088000
[    1.543859] pci_bus 0000:16: on NUMA node 0
[    1.543979] ACPI: PCI Root Bridge [PC02] (domain 0000 [bus 64-b1])
[    1.543982] acpi PNP0A08:02: _OSC: OS supports [ExtendedConfig ASPM ClockPM Segments MSI]
[    1.544548] acpi PNP0A08:02: _OSC: platform does not support [AER]
[    1.544863] acpi PNP0A08:02: _OSC: OS now controls [PCIeHotplug PME PCIeCapability]
[    1.545093] PCI host bridge to bus 0000:64
[    1.545095] pci_bus 0000:64: root bus resource [mem 0x000a0000-0x000bffff window]
[    1.545096] pci_bus 0000:64: root bus resource [io  0xb800-0xdfff window]
[    1.545097] pci_bus 0000:64: root bus resource [io  0x03b0-0x03bb window]
[    1.545098] pci_bus 0000:64: root bus resource [io  0x03c0-0x03df window]
[    1.545101] pci_bus 0000:64: root bus resource [mem 0xbe800000-0xe0ffffff window]
[    1.545103] pci_bus 0000:64: root bus resource [bus 64-b1]
[    1.545111] pci 0000:64:00.0: [8086:2030] type 01 class 0x060400
[    1.545158] pci 0000:64:00.0: PME# supported from D0 D3hot D3cold
[    1.545203] pci 0000:64:00.0: System wakeup disabled by ACPI
[    1.545239] pci 0000:64:05.0: [8086:2034] type 00 class 0x088000
[    1.545327] pci 0000:64:05.2: [8086:2035] type 00 class 0x088000
[    1.545412] pci 0000:64:05.4: [8086:2036] type 00 class 0x080020
[    1.545419] pci 0000:64:05.4: reg 0x10: [mem 0xe0100000-0xe0100fff]
[    1.545512] pci 0000:64:08.0: [8086:2066] type 00 class 0x088000
[    1.545598] pci 0000:64:09.0: [8086:2066] type 00 class 0x088000
[    1.545684] pci 0000:64:0a.0: [8086:2040] type 00 class 0x088000
[    1.545766] pci 0000:64:0a.1: [8086:2041] type 00 class 0x088000
[    1.545846] pci 0000:64:0a.2: [8086:2042] type 00 class 0x088000
[    1.545925] pci 0000:64:0a.3: [8086:2043] type 00 class 0x088000
[    1.546004] pci 0000:64:0a.4: [8086:2044] type 00 class 0x088000
[    1.546082] pci 0000:64:0a.5: [8086:2045] type 00 class 0x088000
[    1.546161] pci 0000:64:0a.6: [8086:2046] type 00 class 0x088000
[    1.546239] pci 0000:64:0a.7: [8086:2047] type 00 class 0x088000
[    1.546318] pci 0000:64:0b.0: [8086:2048] type 00 class 0x088000
[    1.546400] pci 0000:64:0b.1: [8086:2049] type 00 class 0x088000
[    1.546479] pci 0000:64:0b.2: [8086:204a] type 00 class 0x088000
[    1.546561] pci 0000:64:0b.3: [8086:204b] type 00 class 0x088000
[    1.546643] pci 0000:64:0c.0: [8086:2040] type 00 class 0x088000
[    1.546726] pci 0000:64:0c.1: [8086:2041] type 00 class 0x088000
[    1.546806] pci 0000:64:0c.2: [8086:2042] type 00 class 0x088000
[    1.546884] pci 0000:64:0c.3: [8086:2043] type 00 class 0x088000
[    1.546964] pci 0000:64:0c.4: [8086:2044] type 00 class 0x088000
[    1.547042] pci 0000:64:0c.5: [8086:2045] type 00 class 0x088000
[    1.547123] pci 0000:64:0c.6: [8086:2046] type 00 class 0x088000
[    1.547201] pci 0000:64:0c.7: [8086:2047] type 00 class 0x088000
[    1.547281] pci 0000:64:0d.0: [8086:2048] type 00 class 0x088000
[    1.547364] pci 0000:64:0d.1: [8086:2049] type 00 class 0x088000
[    1.547444] pci 0000:64:0d.2: [8086:204a] type 00 class 0x088000
[    1.547523] pci 0000:64:0d.3: [8086:204b] type 00 class 0x088000
[    1.547664] pci 0000:65:00.0: [10de:1b06] type 00 class 0x030000
[    1.547675] pci 0000:65:00.0: reg 0x10: [mem 0xdf000000-0xdfffffff]
[    1.547685] pci 0000:65:00.0: reg 0x14: [mem 0xc0000000-0xcfffffff 64bit pref]
[    1.547696] pci 0000:65:00.0: reg 0x1c: [mem 0xd0000000-0xd1ffffff 64bit pref]
[    1.547703] pci 0000:65:00.0: reg 0x24: [io  0xd000-0xd07f]
[    1.547710] pci 0000:65:00.0: reg 0x30: [mem 0xe0000000-0xe007ffff pref]
[    1.547818] pci 0000:65:00.1: [10de:10ef] type 00 class 0x040300
[    1.547829] pci 0000:65:00.1: reg 0x10: [mem 0xe0080000-0xe0083fff]
[    1.558585] pci 0000:64:00.0: PCI bridge to [bus 65]
[    1.558590] pci 0000:64:00.0:   bridge window [io  0xd000-0xdfff]
[    1.558595] pci 0000:64:00.0:   bridge window [mem 0xdf000000-0xe00fffff]
[    1.558603] pci 0000:64:00.0:   bridge window [mem 0xc0000000-0xd1ffffff 64bit pref]
[    1.558617] pci_bus 0000:64: on NUMA node 0
[    1.558902] ACPI: PCI Root Bridge [PC03] (domain 0000 [bus b2-ff])
[    1.558910] acpi PNP0A08:03: _OSC: OS supports [ExtendedConfig ASPM ClockPM Segments MSI]
[    1.559545] acpi PNP0A08:03: _OSC: platform does not support [AER]
[    1.559862] acpi PNP0A08:03: _OSC: OS now controls [PCIeHotplug PME PCIeCapability]
[    1.560120] PCI host bridge to bus 0000:b2
[    1.560122] pci_bus 0000:b2: root bus resource [io  0xe000-0xffff window]
[    1.560123] pci_bus 0000:b2: root bus resource [mem 0xe1000000-0xfbffffff window]
[    1.560124] pci_bus 0000:b2: root bus resource [bus b2-ff]
[    1.560133] pci 0000:b2:01.0: [8086:2031] type 01 class 0x060400
[    1.560182] pci 0000:b2:01.0: PME# supported from D0 D3hot D3cold
[    1.560226] pci 0000:b2:01.0: System wakeup disabled by ACPI
[    1.560260] pci 0000:b2:05.0: [8086:2034] type 00 class 0x088000
[    1.560349] pci 0000:b2:05.2: [8086:2035] type 00 class 0x088000
[    1.560435] pci 0000:b2:05.4: [8086:2036] type 00 class 0x080020
[    1.560442] pci 0000:b2:05.4: reg 0x10: [mem 0xfbf00000-0xfbf00fff]
[    1.560539] pci 0000:b2:0e.0: [8086:2058] type 00 class 0x110100
[    1.560619] pci 0000:b2:0e.1: [8086:2059] type 00 class 0x088000
[    1.560698] pci 0000:b2:0f.0: [8086:2058] type 00 class 0x110100
[    1.560779] pci 0000:b2:0f.1: [8086:2059] type 00 class 0x088000
[    1.560858] pci 0000:b2:12.0: [8086:204c] type 00 class 0x110100
[    1.560938] pci 0000:b2:12.1: [8086:204d] type 00 class 0x110100
[    1.561003] pci 0000:b2:12.2: [8086:204e] type 00 class 0x088000
[    1.561073] pci 0000:b2:15.0: [8086:2018] type 00 class 0x088000
[    1.561146] pci 0000:b2:16.0: [8086:2018] type 00 class 0x088000
[    1.561219] pci 0000:b2:16.4: [8086:2018] type 00 class 0x088000
[    1.561327] pci 0000:b3:00.0: [14a4:5100] type 00 class 0x010802
[    1.561341] pci 0000:b3:00.0: reg 0x10: [mem 0xfbe00000-0xfbe03fff 64bit]
[    1.561347] pci 0000:b3:00.0: reg 0x18: [io  0xf000-0xf007]
[    1.574592] pci 0000:b2:01.0: PCI bridge to [bus b3]
[    1.574597] pci 0000:b2:01.0:   bridge window [io  0xf000-0xffff]
[    1.574602] pci 0000:b2:01.0:   bridge window [mem 0xfbe00000-0xfbefffff]
[    1.574620] pci_bus 0000:b2: on NUMA node 0
[    1.575640] ACPI: PCI Interrupt Link [LNKA] (IRQs 3 4 5 6 7 10 *11 12 14 15)
[    1.575708] ACPI: PCI Interrupt Link [LNKB] (IRQs 3 4 5 6 7 *10 11 12 14 15)
[    1.575775] ACPI: PCI Interrupt Link [LNKC] (IRQs 3 4 5 6 10 *11 12 14 15)
[    1.575841] ACPI: PCI Interrupt Link [LNKD] (IRQs 3 4 5 6 10 *11 12 14 15)
[    1.575907] ACPI: PCI Interrupt Link [LNKE] (IRQs 3 4 *5 6 7 10 11 12 14 15)
[    1.575973] ACPI: PCI Interrupt Link [LNKF] (IRQs 3 4 5 6 *7 10 11 12 14 15)
[    1.576040] ACPI: PCI Interrupt Link [LNKG] (IRQs 3 4 *5 6 7 10 11 12 14 15)
[    1.576106] ACPI: PCI Interrupt Link [LNKH] (IRQs 3 4 5 6 *7 10 11 12 14 15)
[    1.576252] ACPI: Enabled 4 GPEs in block 00 to 7F
[    1.576595] vgaarb: setting as boot device: PCI:0000:65:00.0
[    1.576597] vgaarb: device added: PCI:0000:65:00.0,decodes=io+mem,owns=io+mem,locks=none
[    1.576600] vgaarb: loaded
[    1.576601] vgaarb: bridge control possible 0000:65:00.0
[    1.576787] SCSI subsystem initialized
[    1.576898] libata version 3.00 loaded.
[    1.576914] ACPI: bus type USB registered
[    1.576928] usbcore: registered new interface driver usbfs
[    1.576936] usbcore: registered new interface driver hub
[    1.577032] usbcore: registered new device driver usb
[    1.577319] PCI: Using ACPI for IRQ routing
[    1.580904] PCI: pci_cache_line_size set to 64 bytes
[    1.581136] e820: reserve RAM buffer [mem 0x0009d400-0x0009ffff]
[    1.581137] e820: reserve RAM buffer [mem 0x68aab000-0x6bffffff]
[    1.581138] e820: reserve RAM buffer [mem 0x6c8a3000-0x6fffffff]
[    1.581139] e820: reserve RAM buffer [mem 0x6f800000-0x6fffffff]
[    1.581267] NetLabel: Initializing
[    1.581268] NetLabel:  domain hash size = 128
[    1.581269] NetLabel:  protocols = UNLABELED CIPSOv4
[    1.581281] NetLabel:  unlabeled traffic allowed by default
[    1.581465] hpet0: at MMIO 0xfed00000, IRQs 2, 8, 0, 0, 0, 0, 0, 0
[    1.581471] hpet0: 8 comparators, 64-bit 24.000000 MHz counter
[    1.583538] clocksource: Switched to clocksource hpet
[    1.595294] VFS: Disk quotas dquot_6.6.0
[    1.595390] VFS: Dquot-cache hash table entries: 512 (order 0, 4096 bytes)
[    1.595580] AppArmor: AppArmor Filesystem Enabled
[    1.595616] pnp: PnP ACPI init
[    1.596171] pnp 00:00: Plug and Play ACPI device, IDs PNP0b00 (active)
[    1.596291] system 00:01: [io  0x0500-0x053f] has been reserved
[    1.596293] system 00:01: [io  0x0400-0x047f] has been reserved
[    1.596294] system 00:01: [io  0x0540-0x057f] has been reserved
[    1.596296] system 00:01: [io  0x0600-0x061f] has been reserved
[    1.596297] system 00:01: [io  0x0880-0x0883] has been reserved
[    1.596298] system 00:01: [io  0x0800-0x081f] has been reserved
[    1.596300] system 00:01: [mem 0xfed1c000-0xfed3ffff] could not be reserved
[    1.596302] system 00:01: [mem 0xfed45000-0xfed8bfff] has been reserved
[    1.596303] system 00:01: [mem 0xff000000-0xffffffff] has been reserved
[    1.596304] system 00:01: [mem 0xfee00000-0xfeefffff] has been reserved
[    1.596306] system 00:01: [mem 0xfed12000-0xfed1200f] has been reserved
[    1.596307] system 00:01: [mem 0xfed12010-0xfed1201f] has been reserved
[    1.596308] system 00:01: [mem 0xfed1b000-0xfed1bfff] has been reserved
[    1.596311] system 00:01: Plug and Play ACPI device, IDs PNP0c02 (active)
[    1.596625] system 00:02: [io  0x0a00-0x0a0f] has been reserved
[    1.596626] system 00:02: [io  0x0a10-0x0a1f] has been reserved
[    1.596628] system 00:02: [io  0x0290-0x029f] has been reserved
[    1.596629] system 00:02: [io  0x0a30-0x0a3f] has been reserved
[    1.596631] system 00:02: Plug and Play ACPI device, IDs PNP0c02 (active)
[    1.596997] pnp 00:03: [dma 0 disabled]
[    1.597040] pnp 00:03: Plug and Play ACPI device, IDs PNP0501 (active)
[    1.597357] pnp 00:04: [dma 0 disabled]
[    1.597400] pnp 00:04: Plug and Play ACPI device, IDs PNP0501 (active)
[    1.597677] system 00:05: [mem 0xfd000000-0xfdabffff] has been reserved
[    1.597679] system 00:05: [mem 0xfdad0000-0xfdadffff] has been reserved
[    1.597680] system 00:05: [mem 0xfdb00000-0xfdffffff] has been reserved
[    1.597682] system 00:05: [mem 0xfe000000-0xfe00ffff] has been reserved
[    1.597683] system 00:05: [mem 0xfe011000-0xfe01ffff] has been reserved
[    1.597684] system 00:05: [mem 0xfe036000-0xfe03bfff] has been reserved
[    1.597685] system 00:05: [mem 0xfe03d000-0xfe3fffff] has been reserved
[    1.597687] system 00:05: [mem 0xfe410000-0xfe7fffff] has been reserved
[    1.597688] system 00:05: Plug and Play ACPI device, IDs PNP0c02 (active)
[    1.597969] system 00:06: [io  0x0f00-0x0ffe] has been reserved
[    1.597971] system 00:06: Plug and Play ACPI device, IDs PNP0c02 (active)
[    1.598944] pnp: PnP ACPI: found 7 devices
[    1.604816] clocksource: acpi_pm: mask: 0xffffff max_cycles: 0xffffff, max_idle_ns: 2085701024 ns
[    1.604864] pci 0000:00:1f.4: BAR 0: assigned [mem 0x90000000-0x900000ff 64bit]
[    1.604874] pci 0000:00:1c.0: PCI bridge to [bus 03]
[    1.604877] pci 0000:00:1c.0:   bridge window [io  0x6000-0x6fff]
[    1.604880] pci 0000:00:1c.0:   bridge window [mem 0xa3400000-0xa34fffff]
[    1.604886] pci 0000:00:1c.1: PCI bridge to [bus 04]
[    1.604888] pci 0000:00:1c.1:   bridge window [io  0x5000-0x5fff]
[    1.604892] pci 0000:00:1c.1:   bridge window [mem 0xa3300000-0xa33fffff]
[    1.604898] pci 0000:00:1c.2: PCI bridge to [bus 05]
[    1.604899] pci 0000:00:1c.2:   bridge window [io  0x4000-0x4fff]
[    1.604903] pci 0000:00:1c.2:   bridge window [mem 0xa3200000-0xa32fffff]
[    1.604909] pci 0000:00:1c.3: PCI bridge to [bus 06]
[    1.604910] pci 0000:00:1c.3:   bridge window [io  0x3000-0x3fff]
[    1.604914] pci 0000:00:1c.3:   bridge window [mem 0xa3100000-0xa31fffff]
[    1.604920] pci 0000:00:1d.0: PCI bridge to [bus 01]
[    1.604928] pci 0000:00:1d.2: PCI bridge to [bus 02]
[    1.604930] pci 0000:00:1d.2:   bridge window [io  0x7000-0x7fff]
[    1.604933] pci 0000:00:1d.2:   bridge window [mem 0xa3500000-0xa35fffff]
[    1.604940] pci_bus 0000:00: resource 4 [io  0x0000-0x03af window]
[    1.604941] pci_bus 0000:00: resource 5 [io  0x03e0-0x0cf7 window]
[    1.604942] pci_bus 0000:00: resource 6 [io  0x1000-0x8fff window]
[    1.604943] pci_bus 0000:00: resource 7 [mem 0x000c4000-0x000c7fff window]
[    1.604944] pci_bus 0000:00: resource 8 [mem 0xfe010000-0xfe010fff window]
[    1.604945] pci_bus 0000:00: resource 9 [mem 0x90000000-0xa37fffff window]
[    1.604947] pci_bus 0000:03: resource 0 [io  0x6000-0x6fff]
[    1.604948] pci_bus 0000:03: resource 1 [mem 0xa3400000-0xa34fffff]
[    1.604949] pci_bus 0000:04: resource 0 [io  0x5000-0x5fff]
[    1.604950] pci_bus 0000:04: resource 1 [mem 0xa3300000-0xa33fffff]
[    1.604951] pci_bus 0000:05: resource 0 [io  0x4000-0x4fff]
[    1.604952] pci_bus 0000:05: resource 1 [mem 0xa3200000-0xa32fffff]
[    1.604953] pci_bus 0000:06: resource 0 [io  0x3000-0x3fff]
[    1.604954] pci_bus 0000:06: resource 1 [mem 0xa3100000-0xa31fffff]
[    1.604955] pci_bus 0000:02: resource 0 [io  0x7000-0x7fff]
[    1.604957] pci_bus 0000:02: resource 1 [mem 0xa3500000-0xa35fffff]
[    1.605109] pci_bus 0000:16: resource 4 [io  0x9000-0xb7ff window]
[    1.605111] pci_bus 0000:16: resource 5 [mem 0xa3800000-0xbe7fffff window]
[    1.605141] pci 0000:64:00.0: PCI bridge to [bus 65]
[    1.605142] pci 0000:64:00.0:   bridge window [io  0xd000-0xdfff]
[    1.605145] pci 0000:64:00.0:   bridge window [mem 0xdf000000-0xe00fffff]
[    1.605147] pci 0000:64:00.0:   bridge window [mem 0xc0000000-0xd1ffffff 64bit pref]
[    1.605152] pci_bus 0000:64: resource 4 [mem 0x000a0000-0x000bffff window]
[    1.605153] pci_bus 0000:64: resource 5 [io  0xb800-0xdfff window]
[    1.605154] pci_bus 0000:64: resource 6 [io  0x03b0-0x03bb window]
[    1.605155] pci_bus 0000:64: resource 7 [io  0x03c0-0x03df window]
[    1.605156] pci_bus 0000:64: resource 8 [mem 0xbe800000-0xe0ffffff window]
[    1.605157] pci_bus 0000:65: resource 0 [io  0xd000-0xdfff]
[    1.605158] pci_bus 0000:65: resource 1 [mem 0xdf000000-0xe00fffff]
[    1.605159] pci_bus 0000:65: resource 2 [mem 0xc0000000-0xd1ffffff 64bit pref]
[    1.605182] pci 0000:b2:01.0: PCI bridge to [bus b3]
[    1.605184] pci 0000:b2:01.0:   bridge window [io  0xf000-0xffff]
[    1.605187] pci 0000:b2:01.0:   bridge window [mem 0xfbe00000-0xfbefffff]
[    1.605192] pci_bus 0000:b2: resource 4 [io  0xe000-0xffff window]
[    1.605193] pci_bus 0000:b2: resource 5 [mem 0xe1000000-0xfbffffff window]
[    1.605194] pci_bus 0000:b3: resource 0 [io  0xf000-0xffff]
[    1.605195] pci_bus 0000:b3: resource 1 [mem 0xfbe00000-0xfbefffff]
[    1.605312] NET: Registered protocol family 2
[    1.606061] TCP established hash table entries: 524288 (order: 10, 4194304 bytes)
[    1.606738] TCP bind hash table entries: 65536 (order: 8, 1048576 bytes)
[    1.606880] TCP: Hash tables configured (established 524288 bind 65536)
[    1.606953] UDP hash table entries: 32768 (order: 8, 1048576 bytes)
[    1.607153] UDP-Lite hash table entries: 32768 (order: 8, 1048576 bytes)
[    1.607897] NET: Registered protocol family 1
[    1.638317] pci 0000:65:00.0: Video device with shadowed ROM at [mem 0x000c0000-0x000dffff]
[    1.638319] PCI: CLS mismatch (64 != 32), using 64 bytes
[    1.638379] Unpacking initramfs...
[    2.453376] Freeing initrd memory: 50752K (ffff9e3631ccf000 - ffff9e3634e5f000)
[    2.453478] PCI-DMA: Using software bounce buffering for IO (SWIOTLB)
[    2.453481] software IO TLB [mem 0x64aab000-0x68aab000] (64MB) mapped at [ffff9e3664aab000-ffff9e3668aaafff]
[    2.453535] Intel CQM monitoring enabled
[    2.453535] Intel MBM enabled
[    2.455706] Scanning for low memory corruption every 60 seconds
[    2.458464] audit: initializing netlink subsys (disabled)
[    2.458486] audit: type=2000 audit(1557895869.396:1): initialized
[    2.459451] Initialise system trusted keyrings
[    2.459630] workingset: timestamp_bits=36 max_order=24 bucket_order=0
[    2.461124] zbud: loaded
[    2.461804] squashfs: version 4.0 (2009/01/31) Phillip Lougher
[    2.462061] fuse init (API version 7.26)
[    2.463319] Key type asymmetric registered
[    2.463320] Asymmetric key parser 'x509' registered
[    2.463358] Block layer SCSI generic (bsg) driver version 0.4 loaded (major 248)
[    2.463444] io scheduler noop registered
[    2.463445] io scheduler deadline registered
[    2.463482] io scheduler cfq registered (default)
[    2.463483] Starting LITMUS^RT kernel
[    2.463484] Registering LITMUS^RT plugin Linux.
[    2.479534] Registered kill rt tasks magic sysrq.
[    2.479993] Initializing SRP per-CPU ceilings...
[    2.480034]  done!
[    2.480035] Initializing LITMUS^RT control device.
[    2.480061] Initializing LITMUS^RT uncache device.
[    2.480192] Registering LITMUS^RT plugin GSN-EDF.
[    2.480195] Registering LITMUS^RT plugin PSN-EDF.
[    2.480213] Registering LITMUS^RT plugin P-FP.
[    2.480214] Registering LITMUS^RT plugin C-EDF.
[    2.480218] Registering LITMUS^RT plugin PFAIR.
[    2.480220] Allocated 512 sched_trace_xxx() events per CPU (buffer size: 12848 bytes)
[    2.480378] Initializing TRACE() device
[    2.511527] Registered dump-trace-buffer(Y) magic sysrq.
[    2.581054] Initializing Feather-Trace per-cpu overhead tracing device.
[    2.581236] Initializing Feather-Trace per-cpu message overhead tracing device.
[    2.581398] Registering LITMUS^RT plugin P-RES.
[    2.581399] Registering LITMUS^RT plugin DEMO.
[    2.583130] pcieport 0000:00:1c.0: Signaling PME through PCIe PME interrupt
[    2.583132] pci 0000:03:00.0: Signaling PME through PCIe PME interrupt
[    2.583135] pcie_pme 0000:00:1c.0:pcie001: service driver pcie_pme loaded
[    2.583147] pcieport 0000:00:1c.1: Signaling PME through PCIe PME interrupt
[    2.583148] pci 0000:04:00.0: Signaling PME through PCIe PME interrupt
[    2.583150] pcie_pme 0000:00:1c.1:pcie001: service driver pcie_pme loaded
[    2.583163] pcieport 0000:00:1c.2: Signaling PME through PCIe PME interrupt
[    2.583164] pci 0000:05:00.0: Signaling PME through PCIe PME interrupt
[    2.583166] pcie_pme 0000:00:1c.2:pcie001: service driver pcie_pme loaded
[    2.583178] pcieport 0000:00:1c.3: Signaling PME through PCIe PME interrupt
[    2.583179] pci 0000:06:00.0: Signaling PME through PCIe PME interrupt
[    2.583182] pcie_pme 0000:00:1c.3:pcie001: service driver pcie_pme loaded
[    2.583193] pcieport 0000:00:1d.0: Signaling PME through PCIe PME interrupt
[    2.583196] pcie_pme 0000:00:1d.0:pcie001: service driver pcie_pme loaded
[    2.583212] pcieport 0000:00:1d.2: Signaling PME through PCIe PME interrupt
[    2.583213] pci 0000:02:00.0: Signaling PME through PCIe PME interrupt
[    2.583216] pcie_pme 0000:00:1d.2:pcie001: service driver pcie_pme loaded
[    2.583227] pcieport 0000:64:00.0: Signaling PME through PCIe PME interrupt
[    2.583228] pci 0000:65:00.0: Signaling PME through PCIe PME interrupt
[    2.583229] pci 0000:65:00.1: Signaling PME through PCIe PME interrupt
[    2.583231] pcie_pme 0000:64:00.0:pcie001: service driver pcie_pme loaded
[    2.583242] pcieport 0000:b2:01.0: Signaling PME through PCIe PME interrupt
[    2.583244] pci 0000:b3:00.0: Signaling PME through PCIe PME interrupt
[    2.583246] pcie_pme 0000:b2:01.0:pcie001: service driver pcie_pme loaded
[    2.583253] pci_hotplug: PCI Hot Plug PCI Core version: 0.5
[    2.583258] pciehp: PCI Express Hot Plug Controller Driver version: 0.4
[    2.583308] vesafb: mode is 1920x1080x32, linelength=7680, pages=0
[    2.583308] vesafb: scrolling: redraw
[    2.583310] vesafb: Truecolor: size=8:8:8:8, shift=24:16:8:0
[    2.583325] vesafb: framebuffer at 0xd1000000, mapped to 0xffffbde088000000, using 8128k, total 8128k
[    2.822762] Console: switching to colour frame buffer device 240x67
[    3.061214] fb0: VESA VGA frame buffer device
[    3.061429] input: Power Button as /devices/LNXSYSTM:00/LNXPWRBN:00/input/input0
[    3.061433] ACPI: Power Button [PWRF]
[    3.061728] ERST: Error Record Serialization Table (ERST) support is initialized.
[    3.061729] pstore: using zlib compression
[    3.061732] pstore: Registered erst as persistent store backend
[    3.062090] GHES: APEI firmware first mode is enabled by APEI bit and WHEA _OSC.
[    3.062177] Serial: 8250/16550 driver, 32 ports, IRQ sharing enabled
[    3.082895] 00:03: ttyS0 at I/O 0x3f8 (irq = 4, base_baud = 115200) is a 16550A
[    3.103644] 00:04: ttyS1 at I/O 0x2f8 (irq = 3, base_baud = 115200) is a 16550A
[    3.104946] Linux agpgart interface v0.103
[    3.108290] loop: module loaded
[    3.108506] libphy: Fixed MDIO Bus: probed
[    3.108507] tun: Universal TUN/TAP device driver, 1.6
[    3.108508] tun: (C) 1999-2004 Max Krasnyansky <maxk@qualcomm.com>
[    3.108532] PPP generic driver version 2.4.2
[    3.108566] ehci_hcd: USB 2.0 'Enhanced' Host Controller (EHCI) Driver
[    3.108569] ehci-pci: EHCI PCI platform driver
[    3.108589] ehci-platform: EHCI generic platform driver
[    3.108597] ohci_hcd: USB 1.1 'Open' Host Controller (OHCI) Driver
[    3.108600] ohci-pci: OHCI PCI platform driver
[    3.108617] ohci-platform: OHCI generic platform driver
[    3.108623] uhci_hcd: USB Universal Host Controller Interface driver
[    3.108813] xhci_hcd 0000:00:14.0: xHCI Host Controller
[    3.108818] xhci_hcd 0000:00:14.0: new USB bus registered, assigned bus number 1
[    3.109913] xhci_hcd 0000:00:14.0: hcc params 0x200077c1 hci version 0x100 quirks 0x00009810
[    3.109918] xhci_hcd 0000:00:14.0: cache line size of 64 is not supported
[    3.110011] usb usb1: New USB device found, idVendor=1d6b, idProduct=0002
[    3.110012] usb usb1: New USB device strings: Mfr=3, Product=2, SerialNumber=1
[    3.110013] usb usb1: Product: xHCI Host Controller
[    3.110014] usb usb1: Manufacturer: Linux 4.9.30-litmus xhci-hcd
[    3.110015] usb usb1: SerialNumber: 0000:00:14.0
[    3.110113] hub 1-0:1.0: USB hub found
[    3.110131] hub 1-0:1.0: 16 ports detected
[    3.123140] xhci_hcd 0000:00:14.0: xHCI Host Controller
[    3.123143] xhci_hcd 0000:00:14.0: new USB bus registered, assigned bus number 2
[    3.123175] usb usb2: New USB device found, idVendor=1d6b, idProduct=0003
[    3.123177] usb usb2: New USB device strings: Mfr=3, Product=2, SerialNumber=1
[    3.123178] usb usb2: Product: xHCI Host Controller
[    3.123179] usb usb2: Manufacturer: Linux 4.9.30-litmus xhci-hcd
[    3.123180] usb usb2: SerialNumber: 0000:00:14.0
[    3.123274] hub 2-0:1.0: USB hub found
[    3.123289] hub 2-0:1.0: 10 ports detected
[    3.131736] i8042: PNP: No PS/2 controller found. Probing ports directly.
[    3.134306] serio: i8042 KBD port at 0x60,0x64 irq 1
[    3.134343] serio: i8042 AUX port at 0x60,0x64 irq 12
[    3.134422] mousedev: PS/2 mouse device common for all mice
[    3.134518] rtc_cmos 00:00: RTC can wake from S4
[    3.134738] rtc_cmos 00:00: rtc core: registered rtc_cmos as rtc0
[    3.134787] rtc_cmos 00:00: alarms up to one month, y3k, 114 bytes nvram, hpet irqs
[    3.134792] i2c /dev entries driver
[    3.134857] device-mapper: uevent: version 1.0.3
[    3.134918] device-mapper: ioctl: 4.35.0-ioctl (2016-06-23) initialised: dm-devel@redhat.com
[    3.135592] ledtrig-cpu: registered to indicate activity on CPUs
[    3.135728] Start memguard
[    3.135736] memguard: budget[0]=4128(252 MB/s)
[    3.135750] memguard: cpu0 enabled counter.
[    3.135750] memguard: event-----
[    3.135755] memguard: CPU0: budget: 4128, period: 0
[    3.135774] memguard: budget[1]=4128(252 MB/s)
[    3.135784] memguard: cpu1 enabled counter.
[    3.135785] memguard: event-----
[    3.135791] memguard: CPU1: budget: 4128, period: 0
[    3.135811] memguard: budget[2]=4128(252 MB/s)
[    3.135824] memguard: cpu2 enabled counter.
[    3.135825] memguard: event-----
[    3.135829] memguard: CPU2: budget: 4128, period: 0
[    3.135851] memguard: budget[3]=4128(252 MB/s)
[    3.135860] memguard: cpu3 enabled counter.
[    3.135860] memguard: event-----
[    3.135865] memguard: CPU3: budget: 4128, period: 0
[    3.135885] memguard: budget[4]=4128(252 MB/s)
[    3.135894] memguard: cpu4 enabled counter.
[    3.135894] memguard: event-----
[    3.135899] memguard: CPU4: budget: 4128, period: 0
[    3.135918] memguard: budget[5]=4128(252 MB/s)
[    3.135926] memguard: cpu5 enabled counter.
[    3.135927] memguard: event-----
[    3.135932] memguard: CPU5: budget: 4128, period: 0
[    3.135951] memguard: budget[6]=4128(252 MB/s)
[    3.135959] memguard: cpu6 enabled counter.
[    3.135960] memguard: event-----
[    3.135965] memguard: CPU6: budget: 4128, period: 0
[    3.135983] memguard: budget[7]=4128(252 MB/s)
[    3.135991] memguard: cpu7 enabled counter.
[    3.135992] memguard: event-----
[    3.135997] memguard: CPU7: budget: 4128, period: 0
[    3.136020] memguard: S
[    3.136020] memguard: start
[    3.136024] memguard: __start_counter
[    3.136025] memguard: __start_counter
[    3.136026] memguard: __start_counter
[    3.136027] memguard: __start_counter
[    3.136028] memguard: __start_counter
[    3.136028] memguard: __start_counter
[    3.136029] memguard: __start_counter
[    3.136031] memguard: __start_counter
[    3.136033] memguard: Start period timer (period=1000 us)
[    3.136033] memguard: master=1
[    3.136040] test is start
[    3.136290] NET: Registered protocol family 10
[    3.136806] NET: Registered protocol family 17
[    3.136812] Key type dns_resolver registered
[    3.137043] ------------[ cut here ]------------
[    3.137051] WARNING: CPU: 1 PID: 1 at kernel/smp.c:402 smp_call_function_many+0xb1/0x270
[    3.137052] Modules linked in:
[    3.137055] CPU: 1 PID: 1 Comm: swapper/0 Not tainted 4.9.30-litmus #175
[    3.137056] Hardware name: ASUSTeK COMPUTER INC. Z11PA-D8 Series/Z11PA-D8 Series, BIOS 0401 11/30/2017
[    3.137058]  ffff9e463c043df8 ffffffff88c357f4 0000000000000000 0000000000000000
[    3.137061]  ffff9e463c043e38 ffffffff8888552b 000001923c062184 0000000000000001
[    3.137063]  ffff9e462b63b4c0 0000000000000001 ffffffff88f78100 0000000000000001
[    3.137066] Call Trace:
[    3.137067]  <IRQ> 
[    3.137073]  [<ffffffff88c357f4>] dump_stack+0x65/0x91
[    3.137078]  [<ffffffff8888552b>] __warn+0xcb/0xf0
[    3.137081]  [<ffffffff88f78100>] ? update_statistics+0x50/0x50
[    3.137083]  [<ffffffff8888565d>] warn_slowpath_null+0x1d/0x20
[    3.137085]  [<ffffffff88905361>] smp_call_function_many+0xb1/0x270
[    3.137090]  [<ffffffff88f77670>] ? get_cur_budget+0xa0/0xa0
[    3.137091]  [<ffffffff88f78100>] ? update_statistics+0x50/0x50
[    3.137093]  [<ffffffff88905691>] on_each_cpu_mask+0x41/0xa0
[    3.137095]  [<ffffffff88f77670>] ? get_cur_budget+0xa0/0xa0
[    3.137098]  [<ffffffff88f777a0>] period_timer_callback_master+0x130/0x160
[    3.137101]  [<ffffffff888f1643>] __hrtimer_run_queues+0xe3/0x290
[    3.137102]  [<ffffffff888f1cb1>] hrtimer_interrupt+0xa1/0x250
[    3.137107]  [<ffffffff88855466>] local_apic_timer_interrupt+0x36/0x60
[    3.137111]  [<ffffffff890c533d>] smp_apic_timer_interrupt+0x3d/0x50
[    3.137112]  [<ffffffff890c4632>] apic_timer_interrupt+0x82/0x90
[    3.137113]  <EOI> 
[    3.137116]  [<ffffffff88c37549>] ? ida_get_new_above+0x1e9/0x210
[    3.137121]  [<ffffffff890bfc56>] ? mutex_lock+0x6/0x30
[    3.137124]  [<ffffffff88ab80f6>] ? kernfs_activate+0x26/0xe0
[    3.137125]  [<ffffffff88ab7b3e>] ? kernfs_link_sibling+0x8e/0xc0
[    3.137126]  [<ffffffff88ab8290>] kernfs_add_one+0xe0/0x130
[    3.137128]  [<ffffffff88ab9aa3>] __kernfs_create_file+0x73/0xb0
[    3.137130]  [<ffffffff88ab6fa7>] ? kernfs_name_hash+0x17/0x80
[    3.137131]  [<ffffffff88aba332>] sysfs_add_file_mode_ns+0xa2/0x190
[    3.137133]  [<ffffffff88aba5a8>] sysfs_add_file+0x18/0x20
[    3.137135]  [<ffffffff88abad60>] sysfs_merge_group+0x50/0xb0
[    3.137139]  [<ffffffff88dd88ff>] dpm_sysfs_add+0x7f/0xf0
[    3.137141]  [<ffffffff88dccbee>] device_add+0x3ee/0x680
[    3.137143]  [<ffffffff88dcd074>] device_create_groups_vargs+0xe4/0xf0
[    3.137146]  [<ffffffff88846ab0>] ? set_ignore_ce+0xb0/0xb0
[    3.137149]  [<ffffffff898068af>] ? set_debug_rodata+0x12/0x12
[    3.137150]  [<ffffffff88dcd156>] device_create_with_groups+0x46/0x60
[    3.137156]  [<ffffffff88dca8e2>] ? device_create_file+0x42/0xa0
[    3.137158]  [<ffffffff88d960a1>] misc_register+0xa1/0x180
[    3.137162]  [<ffffffff89817a3a>] mcheck_init_device+0x12a/0x19e
[    3.137163]  [<ffffffff89817910>] ? mcheck_late_init+0x70/0x70
[    3.137166]  [<ffffffff88802190>] do_one_initcall+0x50/0x170
[    3.137168]  [<ffffffff8980719c>] kernel_init_freeable+0x1ac/0x24e
[    3.137174]  [<ffffffff890b4f60>] ? rest_init+0x90/0x90
[    3.137176]  [<ffffffff890b4f6e>] kernel_init+0xe/0x100
[    3.137178]  [<ffffffff890c2c35>] ret_from_fork+0x25/0x30
[    3.137180] ---[ end trace e8992641f04ca5db ]---
[    3.137185] ------------[ cut here ]------------
[    3.137191] WARNING: CPU: 0 PID: 0 at arch/x86/events/core.c:1255 x86_pmu_start+0xdd/0x110
[    3.137192] Modules linked in:
[    3.137195] CPU: 0 PID: 0 Comm: swapper/0 Tainted: G        W       4.9.30-litmus #175
[    3.137196] Hardware name: ASUSTeK COMPUTER INC. Z11PA-D8 Series/Z11PA-D8 Series, BIOS 0401 11/30/2017
[    3.137198]  ffff9e463c003ee8 ffffffff88c357f4 0000000000000000 0000000000000000
[    3.137201]  ffff9e463c003f28 ffffffff8888552b 000004e78948915d ffff9e463c00a380
[    3.137204]  ffff9e4631a38800 00000000ffffffff 0000000000000002 0000000000000001
[    3.137207] Call Trace:
[    3.137209]  <IRQ> 
[    3.137213]  [<ffffffff88c357f4>] dump_stack+0x65/0x91
[    3.137218]  [<ffffffff8888552b>] __warn+0xcb/0xf0
[    3.137220]  [<ffffffff8888565d>] warn_slowpath_null+0x1d/0x20
[    3.137222]  [<ffffffff88806f5d>] x86_pmu_start+0xdd/0x110
[    3.137224]  [<ffffffff88f7829d>] period_timer_callback_slave+0x19d/0x1f4
[    3.137226]  [<ffffffff88f78100>] ? update_statistics+0x50/0x50
[    3.137231]  [<ffffffff88904c09>] flush_smp_call_function_queue+0xa9/0x160
[    3.137233]  [<ffffffff88905993>] generic_smp_call_function_single_interrupt+0x13/0x60
[    3.137237]  [<ffffffff88853117>] smp_call_function_interrupt+0x27/0x40
[    3.137240]  [<ffffffff890c4cf2>] call_function_interrupt+0x82/0x90
[    3.137241]  <EOI> 
[    3.137246]  [<ffffffff890c1f73>] ? mwait_idle+0x93/0x180
[    3.137249]  [<ffffffff890c1f0c>] ? mwait_idle+0x2c/0x180
[    3.137253]  [<ffffffff8883a46f>] arch_cpu_idle+0xf/0x20
[    3.137255]  [<ffffffff890c21e3>] default_idle_call+0x23/0x2e
[    3.137258]  [<ffffffff888cb418>] cpu_startup_entry+0xe8/0x180
[    3.137263]  [<ffffffff890b4f54>] rest_init+0x84/0x90
[    3.137265]  [<ffffffff89806fcf>] start_kernel+0x464/0x485
[    3.137267]  [<ffffffff89806120>] ? early_idt_handler_array+0x120/0x120
[    3.137268]  [<ffffffff898062c5>] x86_64_start_reservations+0x24/0x26
[    3.137270]  [<ffffffff89806403>] x86_64_start_kernel+0x13c/0x15f
[    3.137271] ---[ end trace e8992641f04ca5dc ]---
[    3.137274] microcode: sig=0x50654, pf=0x1, revision=0x200004d
[    3.137326] microcode: Microcode Update Driver: v2.01 <tigran@aivazian.fsnet.co.uk>, Peter Oruba
[    3.137435] registered taskstats version 1
[    3.137443] Loading compiled-in X.509 certificates
[    3.139931] Loaded X.509 cert 'Build time autogenerated kernel key: 89b9c60d25312110976d3859e79df0d1fd6dc759'
[    3.139952] zswap: loaded using pool lzo/zbud
[    3.152704] Key type big_key registered
[    3.154094] Key type trusted registered
[    3.155576] Key type encrypted registered
[    3.155580] AppArmor: AppArmor sha1 policy hashing enabled
[    3.155582] ima: No TPM chip found, activating TPM-bypass!
[    3.155598] evm: HMAC attrs: 0x1
[    3.157380]   Magic number: 3:880:868
[    3.157394] pcie_pme 0000:00:1c.3:pcie001: hash matches
[    3.157498] acpi device:e1: hash matches
[    3.157641] rtc_cmos 00:00: setting system clock to 2019-05-15 04:51:10 UTC (1557895870)
[    3.157678] BIOS EDD facility v0.16 2004-Jun-25, 0 devices found
[    3.157679] EDD information not available.
[    3.159331] Freeing unused kernel memory: 2088K (ffffffff897e6000 - ffffffff899f0000)
[    3.159332] Write protecting the kernel read-only data: 14336k
[    3.160295] Freeing unused kernel memory: 1236K (ffff9e453c8cb000 - ffff9e453ca00000)
[    3.160811] Freeing unused kernel memory: 260K (ffff9e453cdbf000 - ffff9e453ce00000)
[    3.167468] x86/mm: Checked W+X mappings: passed, no W+X pages found.
[    3.324386] fjes: loading out-of-tree module taints kernel.
[    3.324406] fjes: module verification failed: signature and/or required key missing - tainting kernel
[    3.324669] FUJITSU Extended Socket Network Device Driver - version 1.1 - Copyright (c) 2015 FUJITSU LIMITED
[    3.359086] ahci 0000:00:11.5: version 3.0
[    3.359409] ahci 0000:00:11.5: AHCI 0001.0301 32 slots 4 ports 6 Gbps 0xf impl SATA mode
[    3.359412] ahci 0000:00:11.5: flags: 64bit ncq sntf pm led clo only pio slum part ems deso sadm sds apst 
[    3.359924] pps_core: LinuxPPS API ver. 1 registered
[    3.359925] pps_core: Software ver. 5.3.6 - Copyright 2005-2007 Rodolfo Giometti <giometti@linux.it>
[    3.360139] PTP clock support registered
[    3.360273] dca service started, version 1.12.1
[    3.360899] igb: Intel(R) Gigabit Ethernet Network Driver - version 5.4.0-k
[    3.360900] igb: Copyright (c) 2007-2014 Intel Corporation.
[    3.361653] igb 0000:03:00.0: PHY reset is blocked due to SOL/IDER session.
[    3.364980] [drm] Initialized
[    3.366264] ipmi message handler version 39.2
[    3.366572] nvme nvme0: pci function 0000:b3:00.0
[    3.371708] nvidia: module license 'NVIDIA' taints kernel.
[    3.371710] Disabling lock debugging due to kernel taint
[    3.381605] nvidia-nvlink: Nvlink Core is being initialized, major device number 240
[    3.385151] pps pps0: new PPS source ptp0
[    3.385153] igb 0000:03:00.0: added PHC on eth0
[    3.385155] igb 0000:03:00.0: Intel(R) Gigabit Ethernet Network Connection
[    3.385157] igb 0000:03:00.0: eth0: (PCIe:2.5Gb/s:Width x1) 18:31:bf:d0:2e:63
[    3.385227] igb 0000:03:00.0: eth0: PBA No: 000300-000
[    3.385229] igb 0000:03:00.0: Using MSI-X interrupts. 4 rx queue(s), 4 tx queue(s)
[    3.386010] igb 0000:04:00.0: PHY reset is blocked due to SOL/IDER session.
[    3.392049] scsi host0: ahci
[    3.392314] scsi host1: ahci
[    3.392542] scsi host2: ahci
[    3.392625] scsi host3: ahci
[    3.392676] ata1: SATA max UDMA/133 abar m524288@0xa3600000 port 0xa3600100 irq 35
[    3.392678] ata2: SATA max UDMA/133 abar m524288@0xa3600000 port 0xa3600180 irq 35
[    3.392680] ata3: SATA max UDMA/133 abar m524288@0xa3600000 port 0xa3600200 irq 35
[    3.392681] ata4: SATA max UDMA/133 abar m524288@0xa3600000 port 0xa3600280 irq 35
[    3.393031] ahci 0000:00:17.0: AHCI 0001.0301 32 slots 8 ports 6 Gbps 0xff impl SATA mode
[    3.393033] ahci 0000:00:17.0: flags: 64bit ncq sntf pm led clo only pio slum part ems deso sadm sds apst 
[    3.408915] pps pps1: new PPS source ptp1
[    3.408917] igb 0000:04:00.0: added PHC on eth1
[    3.408919] igb 0000:04:00.0: Intel(R) Gigabit Ethernet Network Connection
[    3.408921] igb 0000:04:00.0: eth1: (PCIe:2.5Gb/s:Width x1) 18:31:bf:d0:2e:64
[    3.408993] igb 0000:04:00.0: eth1: PBA No: 000300-000
[    3.408994] igb 0000:04:00.0: Using MSI-X interrupts. 4 rx queue(s), 4 tx queue(s)
[    3.437389] pps pps2: new PPS source ptp2
[    3.437391] igb 0000:05:00.0: added PHC on eth2
[    3.437392] igb 0000:05:00.0: Intel(R) Gigabit Ethernet Network Connection
[    3.437394] igb 0000:05:00.0: eth2: (PCIe:2.5Gb/s:Width x1) 18:31:bf:d0:2e:65
[    3.437459] igb 0000:05:00.0: eth2: PBA No: 000300-000
[    3.437461] igb 0000:05:00.0: Using MSI-X interrupts. 4 rx queue(s), 4 tx queue(s)
[    3.447480] usb 1-5: new low-speed USB device number 2 using xhci_hcd
[    3.466548] pps pps3: new PPS source ptp3
[    3.466550] igb 0000:06:00.0: added PHC on eth3
[    3.466551] igb 0000:06:00.0: Intel(R) Gigabit Ethernet Network Connection
[    3.466553] igb 0000:06:00.0: eth3: (PCIe:2.5Gb/s:Width x1) 18:31:bf:d0:2e:66
[    3.466618] igb 0000:06:00.0: eth3: PBA No: 000300-000
[    3.466620] igb 0000:06:00.0: Using MSI-X interrupts. 4 rx queue(s), 4 tx queue(s)
[    3.468660] igb 0000:06:00.0 eno4: renamed from eth3
[    3.476456] scsi host4: ahci
[    3.476544] scsi host5: ahci
[    3.476619] scsi host6: ahci
[    3.476696] scsi host7: ahci
[    3.476771] scsi host8: ahci
[    3.476848] scsi host9: ahci
[    3.476924] scsi host10: ahci
[    3.477000] scsi host11: ahci
[    3.477045] ata5: SATA max UDMA/133 abar m524288@0xa3680000 port 0xa3680100 irq 47
[    3.477047] ata6: SATA max UDMA/133 abar m524288@0xa3680000 port 0xa3680180 irq 47
[    3.477048] ata7: SATA max UDMA/133 abar m524288@0xa3680000 port 0xa3680200 irq 47
[    3.477050] ata8: SATA max UDMA/133 abar m524288@0xa3680000 port 0xa3680280 irq 47
[    3.477052] ata9: SATA max UDMA/133 abar m524288@0xa3680000 port 0xa3680300 irq 47
[    3.477055] ata10: SATA max UDMA/133 abar m524288@0xa3680000 port 0xa3680380 irq 47
[    3.477058] ata11: SATA max UDMA/133 abar m524288@0xa3680000 port 0xa3680400 irq 47
[    3.477060] ata12: SATA max UDMA/133 abar m524288@0xa3680000 port 0xa3680480 irq 47
[    3.477174] ahci 0000:02:00.0: controller can do FBS, turning on CAP_FBS
[    3.483480] tsc: Refined TSC clocksource calibration: 2099.927 MHz
[    3.483489] clocksource: tsc: mask: 0xffffffffffffffff max_cycles: 0x1e44eb8a621, max_idle_ns: 440795211062 ns
[    3.487357] ahci 0000:02:00.0: AHCI 0001.0200 32 slots 8 ports 6 Gbps 0xff impl SATA mode
[    3.487359] ahci 0000:02:00.0: flags: 64bit ncq fbs pio 
[    3.488124] scsi host12: ahci
[    3.488202] scsi host13: ahci
[    3.488279] scsi host14: ahci
[    3.488353] scsi host15: ahci
[    3.488427] scsi host16: ahci
[    3.488505] scsi host17: ahci
[    3.488580] scsi host18: ahci
[    3.488656] scsi host19: ahci
[    3.488696] ata13: SATA max UDMA/133 abar m2048@0xa3540000 port 0xa3540100 irq 62
[    3.488698] ata14: SATA max UDMA/133 abar m2048@0xa3540000 port 0xa3540180 irq 62
[    3.488701] ata15: SATA max UDMA/133 abar m2048@0xa3540000 port 0xa3540200 irq 62
[    3.488704] ata16: SATA max UDMA/133 abar m2048@0xa3540000 port 0xa3540280 irq 62
[    3.488707] ata17: SATA max UDMA/133 abar m2048@0xa3540000 port 0xa3540300 irq 62
[    3.488709] ata18: SATA max UDMA/133 abar m2048@0xa3540000 port 0xa3540380 irq 62
[    3.488711] ata19: SATA max UDMA/133 abar m2048@0xa3540000 port 0xa3540400 irq 62
[    3.488713] ata20: SATA max UDMA/133 abar m2048@0xa3540000 port 0xa3540480 irq 62
[    3.495652] igb 0000:03:00.0 eno1: renamed from eth0
[    3.535624] igb 0000:04:00.0 eno2: renamed from eth1
[    3.579602] igb 0000:05:00.0 eno3: renamed from eth2
[    3.599940]  nvme0n1: p1
[    3.611995] usb 1-5: New USB device found, idVendor=03f0, idProduct=034a
[    3.611997] usb 1-5: New USB device strings: Mfr=1, Product=2, SerialNumber=0
[    3.611999] usb 1-5: Product: HP Elite USB Keyboard
[    3.612001] usb 1-5: Manufacturer: Chicony
[    3.630165] vgaarb: device changed decodes: PCI:0000:65:00.0,olddecodes=io+mem,decodes=none:owns=io+mem
[    3.630262] NVRM: loading NVIDIA UNIX x86_64 Kernel Module  390.116  Sun Jan 27 07:21:36 PST 2019 (using threaded interrupts)
[    3.631430] nvidia-modeset: Loading NVIDIA Kernel Mode Setting Driver for UNIX platforms  390.116  Sun Jan 27 06:30:32 PST 2019
[    3.632226] [drm] [nvidia-drm] [GPU ID 0x00006500] Loading driver
[    3.705785] ata1: SATA link down (SStatus 0 SControl 300)
[    3.706295] ata2: SATA link down (SStatus 0 SControl 300)
[    3.713817] ata3: SATA link down (SStatus 0 SControl 300)
[    3.714300] ata4: SATA link down (SStatus 0 SControl 300)
[    3.735474] usb 1-6: new low-speed USB device number 3 using xhci_hcd
[    3.789795] ata6: SATA link down (SStatus 0 SControl 300)
[    3.793805] ata8: SATA link down (SStatus 0 SControl 300)
[    3.793837] ata5: SATA link down (SStatus 0 SControl 300)
[    3.793863] ata10: SATA link down (SStatus 0 SControl 300)
[    3.797820] ata11: SATA link down (SStatus 0 SControl 300)
[    3.797839] ata7: SATA link down (SStatus 0 SControl 300)
[    3.797859] ata9: SATA link down (SStatus 0 SControl 300)
[    3.797879] ata12: SATA link down (SStatus 0 SControl 300)
[    3.801842] ata13: SATA link up 6.0 Gbps (SStatus 133 SControl 300)
[    3.809832] ata15: SATA link down (SStatus 0 SControl 310)
[    3.809859] ata17: SATA link down (SStatus 0 SControl 310)
[    3.809888] ata14: SATA link down (SStatus 0 SControl 310)
[    3.809919] ata16: SATA link down (SStatus 0 SControl 310)
[    3.809944] ata18: SATA link down (SStatus 0 SControl 310)
[    3.809970] ata19: SATA link down (SStatus 0 SControl 310)
[    3.809997] ata20: SATA link up 1.5 Gbps (SStatus 113 SControl 300)
[    3.810072] ata20.00: ATAPI: MARVELL VIRTUAL, 1.09, max UDMA/66
[    3.810198] ata20.00: configured for UDMA/66
[    3.839179] ata13.00: ATA-10: ST2000DM008-2FR102, 0001, max UDMA/133
[    3.839183] ata13.00: 3907029168 sectors, multi 16: LBA48 NCQ (depth 31/32), AA
[    3.886790] usb 1-6: New USB device found, idVendor=046d, idProduct=c077
[    3.886794] usb 1-6: New USB device strings: Mfr=1, Product=2, SerialNumber=0
[    3.886797] usb 1-6: Product: USB Optical Mouse
[    3.886800] usb 1-6: Manufacturer: Logitech
[    3.898982] ata13.00: configured for UDMA/133
[    3.899758] scsi 12:0:0:0: Direct-Access     ATA      ST2000DM008-2FR1 0001 PQ: 0 ANSI: 5
[    3.931732] sd 12:0:0:0: [sda] 3907029168 512-byte logical blocks: (2.00 TB/1.82 TiB)
[    3.931734] sd 12:0:0:0: [sda] 4096-byte physical blocks
[    3.931761] sd 12:0:0:0: Attached scsi generic sg0 type 0
[    3.931865] sd 12:0:0:0: [sda] Write Protect is off
[    3.931868] sd 12:0:0:0: [sda] Mode Sense: 00 3a 00 00
[    3.931895] sd 12:0:0:0: [sda] Write cache: enabled, read cache: enabled, doesn't support DPO or FUA
[    3.932355] scsi 19:0:0:0: Processor         Marvell  Console          1.01 PQ: 0 ANSI: 5
[    3.932721] scsi 19:0:0:0: Attached scsi generic sg1 type 3
[    3.954153]  sda:
[    3.954604] sd 12:0:0:0: [sda] Attached SCSI disk
[    4.007470] usb 1-11: new high-speed USB device number 4 using xhci_hcd
[    4.158595] usb 1-11: New USB device found, idVendor=046b, idProduct=ff01
[    4.158611] usb 1-11: New USB device strings: Mfr=1, Product=2, SerialNumber=3
[    4.158612] usb 1-11: Product: Virtual Hub
[    4.158613] usb 1-11: Manufacturer: American Megatrends Inc.
[    4.158614] usb 1-11: SerialNumber: serial
[    4.159374] hub 1-11:1.0: USB hub found
[    4.159551] hub 1-11:1.0: 5 ports detected
[    4.163027] hidraw: raw HID events driver (C) Jiri Kosina
[    4.182749] usbcore: registered new interface driver usbhid
[    4.182750] usbhid: USB HID core driver
[    4.183614] input: Chicony HP Elite USB Keyboard as /devices/pci0000:00/0000:00:14.0/usb1/1-5/1-5:1.0/0003:03F0:034A.0001/input/input4
[    4.243591] hid-generic 0003:03F0:034A.0001: input,hidraw0: USB HID v1.10 Keyboard [Chicony HP Elite USB Keyboard] on usb-0000:00:14.0-5/input0
[    4.245959] input: Chicony HP Elite USB Keyboard as /devices/pci0000:00/0000:00:14.0/usb1/1-5/1-5:1.1/0003:03F0:034A.0002/input/input5
[    4.303570] hid-generic 0003:03F0:034A.0002: input,hidraw1: USB HID v1.10 Device [Chicony HP Elite USB Keyboard] on usb-0000:00:14.0-5/input1
[    4.303698] input: Logitech USB Optical Mouse as /devices/pci0000:00/0000:00:14.0/usb1/1-6/1-6:1.0/0003:046D:C077.0003/input/input6
[    4.303767] hid-generic 0003:046D:C077.0003: input,hidraw2: USB HID v1.11 Mouse [Logitech USB Optical Mouse] on usb-0000:00:14.0-6/input0
[    4.325392] random: fast init done
[    4.467461] usb 1-11.1: new high-speed USB device number 5 using xhci_hcd
[    4.503513] clocksource: Switched to clocksource tsc
[    4.581010] usb 1-11.1: New USB device found, idVendor=046b, idProduct=ff20
[    4.581012] usb 1-11.1: New USB device strings: Mfr=1, Product=2, SerialNumber=3
[    4.581013] usb 1-11.1: Product: Virtual Cdrom Device
[    4.581014] usb 1-11.1: Manufacturer: American Megatrends Inc.
[    4.581016] usb 1-11.1: SerialNumber: AAAABBBBCCCC1
[    4.675430] usb 1-11.2: new high-speed USB device number 6 using xhci_hcd
[    4.792914] usb 1-11.2: New USB device found, idVendor=046b, idProduct=ff40
[    4.792915] usb 1-11.2: New USB device strings: Mfr=1, Product=2, SerialNumber=3
[    4.792916] usb 1-11.2: Product: Virtual Floppy Device
[    4.792917] usb 1-11.2: Manufacturer: American Megatrends Inc.
[    4.792918] usb 1-11.2: SerialNumber: AAAABBBBCCCC2
[    4.887421] usb 1-11.3: new high-speed USB device number 7 using xhci_hcd
[    5.009056] usb 1-11.3: New USB device found, idVendor=046b, idProduct=ff31
[    5.009058] usb 1-11.3: New USB device strings: Mfr=1, Product=2, SerialNumber=3
[    5.009059] usb 1-11.3: Product: Virtual HardDisk Device
[    5.009060] usb 1-11.3: Manufacturer: American Megatrends Inc.
[    5.009061] usb 1-11.3: SerialNumber: AAAABBBBCCCC3
[    5.099410] usb 1-11.4: new low-speed USB device number 8 using xhci_hcd
[    5.216020] usb 1-11.4: New USB device found, idVendor=046b, idProduct=ff10
[    5.216022] usb 1-11.4: New USB device strings: Mfr=1, Product=2, SerialNumber=0
[    5.216023] usb 1-11.4: Product: Virtual Keyboard and Mouse
[    5.216024] usb 1-11.4: Manufacturer: American Megatrends Inc.
[    5.219349] input: American Megatrends Inc. Virtual Keyboard and Mouse as /devices/pci0000:00/0000:00:14.0/usb1/1-11/1-11.4/1-11.4:1.0/0003:046B:FF10.0004/input/input7
[    5.219420] hid-generic 0003:046B:FF10.0004: input,hidraw3: USB HID v1.10 Keyboard [American Megatrends Inc. Virtual Keyboard and Mouse] on usb-0000:00:14.0-11.4/input0
[    5.221640] input: American Megatrends Inc. Virtual Keyboard and Mouse as /devices/pci0000:00/0000:00:14.0/usb1/1-11/1-11.4/1-11.4:1.1/0003:046B:FF10.0005/input/input8
[    5.221710] hid-generic 0003:046B:FF10.0005: input,hidraw4: USB HID v1.10 Mouse [American Megatrends Inc. Virtual Keyboard and Mouse] on usb-0000:00:14.0-11.4/input1
[    5.223514] usb-storage 1-11.1:1.0: USB Mass Storage device detected
[    5.223612] scsi host20: usb-storage 1-11.1:1.0
[    5.223692] usb-storage 1-11.2:1.0: USB Mass Storage device detected
[    5.223729] usb-storage 1-11.2:1.0: Quirks match for vid 046b pid ff40: 200
[    5.223744] scsi host21: usb-storage 1-11.2:1.0
[    5.223826] usb-storage 1-11.3:1.0: USB Mass Storage device detected
[    5.223871] scsi host22: usb-storage 1-11.3:1.0
[    5.223935] usbcore: registered new interface driver usb-storage
[    5.224155] usbcore: registered new interface driver uas
[    5.256574] EXT4-fs (nvme0n1p1): mounted filesystem with ordered data mode. Opts: (null)
[    5.298663] random: crng init done
[    5.355776] ip_tables: (C) 2000-2006 Netfilter Core Team
[    5.359949] cgroup: cgroup2: unknown option "nsdelegate"
[    5.367331] systemd[1]: systemd 237 running in system mode. (+PAM +AUDIT +SELINUX +IMA +APPARMOR +SMACK +SYSVINIT +UTMP +LIBCRYPTSETUP +GCRYPT +GNUTLS +ACL +XZ +LZ4 +SECCOMP +BLKID +ELFUTILS +KMOD -IDN2 +IDN -PCRE2 default-hierarchy=hybrid)
[    5.367528] systemd[1]: Detected architecture x86-64.
[    5.370399] systemd[1]: Set hostname to <wsm-Z11PA-D8-Series>.
[    5.407136] systemd[1]: File /lib/systemd/system/systemd-journald.service:36 configures an IP firewall (IPAddressDeny=any), but the local system does not support BPF/cgroup based firewalling.
[    5.407139] systemd[1]: Proceeding WITHOUT firewalling in effect! (This warning is only shown for the first loaded unit using IP firewalling.)
[    5.464549] systemd[1]: Reached target User and Group Name Lookups.
[    5.464777] systemd[1]: Created slice System Slice.
[    5.464842] systemd[1]: Listening on udev Kernel Socket.
[    5.464882] systemd[1]: Listening on /dev/initctl Compatibility Named Pipe.
[    5.464919] systemd[1]: Listening on fsck to fsckd communication Socket.
[    5.477350] EXT4-fs (nvme0n1p1): re-mounted. Opts: errors=remount-ro
[    5.482362] lp: driver loaded but no devices found
[    5.485408] ppdev: user-space parallel port driver
[    5.545989] Adding 2097148k swap on /swapfile.  Priority:-1 extents:6 across:2260988k SSFS
[    5.751859] ipmi_si IPI0001:00: ipmi_si: probing via ACPI
[    5.751890] ipmi_si IPI0001:00: [io  0x0ca2] regsize 1 spacing 1 irq 0
[    5.751892] ipmi_si: Adding ACPI-specified kcs state machine
[    5.751939] IPMI System Interface driver.
[    5.752010] ipmi_si: probing via SMBIOS
[    5.752012] ipmi_si: SMBIOS: io 0xca2 regsize 1 spacing 1 irq 0
[    5.752014] ipmi_si: Adding SMBIOS-specified kcs state machine duplicate interface
[    5.752016] ipmi_si: probing via SPMI
[    5.752018] ipmi_si: SPMI: io 0xca2 regsize 1 spacing 1 irq 0
[    5.752019] ipmi_si: Adding SPMI-specified kcs state machine duplicate interface
[    5.752022] ipmi_si: Trying ACPI-specified kcs state machine at i/o address 0xca2, slave address 0x0, irq 0
[    5.827871] power_meter ACPI000D:00: Found ACPI power meter.
[    5.827956] power_meter ACPI000D:00: Ignoring unsafe software power cap!
[    5.839750] shpchp: Standard Hot Plug PCI Controller Driver version: 0.4
[    5.857969] lpc_ich 0000:00:1f.0: I/O space for ACPI uninitialized
[    5.857970] lpc_ich 0000:00:1f.0: No MFD cells added
[    5.869561] wmi: Mapper loaded
[    5.972988] RAPL PMU: API unit is 2^-32 Joules, 3 fixed counters, 655360 ms ovfl timer
[    5.972989] RAPL PMU: hw unit of domain pp0-core 2^-14 Joules
[    5.972989] RAPL PMU: hw unit of domain package 2^-14 Joules
[    5.972990] RAPL PMU: hw unit of domain dram 2^-16 Joules
[    5.979856] AVX2 version of gcm_enc/dec engaged.
[    5.979856] AES CTR mode by8 optimization enabled
[    5.995311] snd_hda_intel 0000:65:00.1: Disabling MSI
[    5.995342] snd_hda_intel 0000:65:00.1: Handle vga_switcheroo audio client
[    6.020738] intel_rapl: Found RAPL domain package
[    6.020745] intel_rapl: Found RAPL domain dram
[    6.020745] intel_rapl: DRAM domain energy unit 15300pj
[    6.232493] scsi 21:0:0:0: Direct-Access     AMI      Virtual Floppy0  1.00 PQ: 0 ANSI: 0 CCS
[    6.232651] scsi 22:0:0:0: Direct-Access     AMI      Virtual HDisk0   1.00 PQ: 0 ANSI: 0 CCS
[    6.233321] sd 21:0:0:0: Attached scsi generic sg2 type 0
[    6.268321] scsi 20:0:0:0: CD-ROM            AMI      Virtual CDROM0   1.00 PQ: 0 ANSI: 0 CCS
[    6.268718] scsi 22:0:0:1: Direct-Access     AMI      Virtual HDisk1   1.00 PQ: 0 ANSI: 0 CCS
[    6.269568] sd 22:0:0:0: Attached scsi generic sg3 type 0
[    6.269897] sd 22:0:0:1: Attached scsi generic sg4 type 0
[    6.278401] sd 21:0:0:0: [sdb] Attached SCSI removable disk
[    6.296389] sr 20:0:0:0: [sr0] scsi-1 drive
[    6.296390] cdrom: Uniform CD-ROM driver Revision: 3.20
[    6.296508] sr 20:0:0:0: Attached scsi CD-ROM sr0
[    6.296583] sr 20:0:0:0: Attached scsi generic sg5 type 5
[    6.299146] sd 22:0:0:0: [sdc] Attached SCSI removable disk
[    6.300285] sd 22:0:0:1: [sdd] Attached SCSI removable disk
[    6.927401] ipmi_si IPI0001:00: Found new BMC (man_id: 0x000a3f, prod_id: 0x0f83, dev_id: 0x20)
[    6.927411] ipmi_si IPI0001:00: IPMI kcs interface initialized
[    6.928124] IPMI SSIF Interface driver
[    7.011809] input: HDA NVidia HDMI/DP,pcm=3 as /devices/pci0000:64/0000:64:00.0/0000:65:00.1/sound/card0/input9
[    7.011876] input: HDA NVidia HDMI/DP,pcm=7 as /devices/pci0000:64/0000:64:00.0/0000:65:00.1/sound/card0/input10
[    7.011937] input: HDA NVidia HDMI/DP,pcm=8 as /devices/pci0000:64/0000:64:00.0/0000:65:00.1/sound/card0/input11
[    7.011993] input: HDA NVidia HDMI/DP,pcm=9 as /devices/pci0000:64/0000:64:00.0/0000:65:00.1/sound/card0/input12
[    7.772446] nvidia-uvm: Loaded the UVM driver in 8 mode, major device number 237
[    7.780420] audit: type=1400 audit(1557895875.117:2): apparmor="STATUS" operation="profile_load" name="/usr/sbin/ippusbxd" pid=834 comm="apparmor_parser"
[    7.780645] audit: type=1400 audit(1557895875.117:3): apparmor="STATUS" operation="profile_load" name="/usr/sbin/cups-browsed" pid=832 comm="apparmor_parser"
[    7.780742] audit: type=1400 audit(1557895875.117:4): apparmor="STATUS" operation="profile_load" name="/usr/bin/man" pid=830 comm="apparmor_parser"
[    7.780747] audit: type=1400 audit(1557895875.117:5): apparmor="STATUS" operation="profile_load" name="man_filter" pid=830 comm="apparmor_parser"
[    7.780751] audit: type=1400 audit(1557895875.117:6): apparmor="STATUS" operation="profile_load" name="man_groff" pid=830 comm="apparmor_parser"
[    7.781232] audit: type=1400 audit(1557895875.117:7): apparmor="STATUS" operation="profile_load" name="/sbin/dhclient" pid=827 comm="apparmor_parser"
[    7.781237] audit: type=1400 audit(1557895875.117:8): apparmor="STATUS" operation="profile_load" name="/usr/lib/NetworkManager/nm-dhcp-client.action" pid=827 comm="apparmor_parser"
[    7.781241] audit: type=1400 audit(1557895875.117:9): apparmor="STATUS" operation="profile_load" name="/usr/lib/NetworkManager/nm-dhcp-helper" pid=827 comm="apparmor_parser"
[    7.781244] audit: type=1400 audit(1557895875.117:10): apparmor="STATUS" operation="profile_load" name="/usr/lib/connman/scripts/dhclient-script" pid=827 comm="apparmor_parser"
[    7.781865] audit: type=1400 audit(1557895875.117:11): apparmor="STATUS" operation="profile_load" name="/usr/lib/snapd/snap-confine" pid=831 comm="apparmor_parser"
[    8.004672] systemd-journald[377]: Received request to flush runtime journal from PID 1
[    8.010552] systemd-journald[377]: File /var/log/journal/2f7d0e0b8a2d4cf1ac35f2630a99cbf0/system.journal corrupted or uncleanly shut down, renaming and replacing.
[    8.644932] IPv6: ADDRCONF(NETDEV_UP): eno1: link is not ready
[    8.685830] igb 0000:03:00.0 eno1: igb: eno1 NIC Link is Up 100 Mbps Full Duplex, Flow Control: RX
[    8.690648] IPv6: ADDRCONF(NETDEV_UP): eno2: link is not ready
[    8.731579] IPv6: ADDRCONF(NETDEV_UP): eno2: link is not ready
[    8.735430] IPv6: ADDRCONF(NETDEV_UP): eno3: link is not ready
[    8.781236] IPv6: ADDRCONF(NETDEV_UP): eno3: link is not ready
[    8.784956] IPv6: ADDRCONF(NETDEV_UP): eno4: link is not ready
[    8.830751] IPv6: ADDRCONF(NETDEV_UP): eno4: link is not ready
[   70.919100] rfkill: input handler disabled
[12922.641084] do_general_protection: 70 callbacks suppressed
[12922.641086] traps: gedit[4344] general protection ip:7ffa6eecb032 sp:7ffc211df280 error:0
[12922.641091]  in libgobject-2.0.so.0.5600.3[7ffa6ee95000+52000]
[13066.955895] memguard: cpu5,input100
[13066.955897] memguard: CPU5:New budget=1638 (100 Mb/s)
[13134.880910] memguard: cpu5,input252
[13134.880912] memguard: CPU5:New budget=4128 (252 Mb/s)
[13140.280770] memguard: cpu1,input100
[13140.280772] memguard: CPU1:New budget=1638 (100 Mb/s)
[13145.552618] memguard: cpu2,input100
[13145.552620] memguard: CPU2:New budget=1638 (100 Mb/s)
[13153.776331] memguard: cpu5,input100
[13153.776333] memguard: CPU5:New budget=1638 (100 Mb/s)
[13157.328101] memguard: cpu5,input252
[13157.328103] memguard: CPU5:New budget=4128 (252 Mb/s)
[13162.919965] memguard: cpu6,input100
[13162.919967] memguard: CPU6:New budget=1638 (100 Mb/s)
[13288.457386] ------------[ cut here ]------------
[13288.457395] WARNING: CPU: 6 PID: 2443 at kernel/smp.c:277 smp_call_function_single+0x10f/0x170
[13288.457396] Modules linked in: msr(OE) nvidia_uvm(POE) ipmi_ssif(OE) snd_hda_codec_hdmi(OE) intel_rapl(OE) x86_pkg_temp_thermal(OE) intel_powerclamp(OE) coretemp(OE) kvm_intel(OE) kvm(OE) irqbypass(OE) snd_hda_intel(OE) snd_hda_codec(OE) snd_hda_core(OE) snd_hwdep(OE) crct10dif_pclmul(OE) crc32_pclmul(OE) snd_pcm(OE) ghash_clmulni_intel(OE) aesni_intel(OE) aes_x86_64(OE) lrw(OE) glue_helper(OE) ablk_helper(OE) cryptd(OE) intel_rapl_perf(OE) snd_seq_midi(OE) snd_seq_midi_event(OE) snd_rawmidi(OE) snd_seq(OE) snd_seq_device(OE) snd_timer(OE) serio_raw(OE) snd(OE) soundcore(OE) joydev(OE) input_leds(OE) lpc_ich(OE) mei_me(OE) mei(OE) shpchp(OE) wmi(OE) ipmi_si(OE) nfit(OE) acpi_power_meter(OE) mac_hid(OE) sch_fq_codel(OE) parport_pc(OE) ppdev(OE) lp(OE) parport(OE) ip_tables(OE) x_tables(OE) autofs4(OE)
[13288.457429]  uas(OE) usb_storage(OE) hid_generic(OE) usbhid(OE) hid(OE) nvidia_drm(POE) nvidia_modeset(POE) nvidia(POE) psmouse(OE) nvme(OE) ipmi_msghandler(OE) nvme_core(OE) drm_kms_helper(OE) syscopyarea(OE) sysfillrect(OE) sysimgblt(OE) fb_sys_fops(OE) drm(OE) igb(OE) dca(OE) ptp(OE) pps_core(OE) i2c_algo_bit(OE) ahci(OE) libahci(OE) fjes(OE)
[13288.457447] CPU: 6 PID: 2443 Comm: JS Helper Tainted: P        W  OE   4.9.30-litmus #175
[13288.457449] Hardware name: ASUSTeK COMPUTER INC. Z11PA-D8 Series/Z11PA-D8 Series, BIOS 0401 11/30/2017
[13288.457450]  ffff9e463c183e48 ffffffff88c357f4 0000000000000000 0000000000000000
[13288.457453]  ffff9e463c183e88 ffffffff8888552b 0000011500000006 0000000000000000
[13288.457456]  0000000000000007 ffffffff88f77970 ffffdde07c583090 ffffdde07c583090
[13288.457458] Call Trace:
[13288.457460]  <IRQ> 
[13288.457465]  [<ffffffff88c357f4>] dump_stack+0x65/0x91
[13288.457470]  [<ffffffff8888552b>] __warn+0xcb/0xf0
[13288.457473]  [<ffffffff88f77970>] ? throttle_thread+0x150/0x150
[13288.457475]  [<ffffffff8888565d>] warn_slowpath_null+0x1d/0x20
[13288.457477]  [<ffffffff88904ecf>] smp_call_function_single+0x10f/0x170
[13288.457479]  [<ffffffff88f77970>] ? throttle_thread+0x150/0x150
[13288.457481]  [<ffffffff88905489>] smp_call_function_many+0x1d9/0x270
[13288.457482]  [<ffffffff88f77970>] ? throttle_thread+0x150/0x150
[13288.457484]  [<ffffffff88905691>] on_each_cpu_mask+0x41/0xa0
[13288.457486]  [<ffffffff88f77e98>] memguard_process_overflow+0x1d8/0x220
[13288.457489]  [<ffffffff8897a1d8>] irq_work_run_list+0x48/0x70
[13288.457491]  [<ffffffff8897a22a>] irq_work_run+0x2a/0x60
[13288.457493]  [<ffffffff88834fde>] smp_irq_work_interrupt+0x2e/0x40
[13288.457497]  [<ffffffff890c5172>] irq_work_interrupt+0x82/0x90
[13288.457498]  <EOI> 
[13288.457499] ---[ end trace e8992641f04ca5de ]---
